Archive member included because of file (symbol)

c:/program files/atmel/avr studio 5.0/extensions/application/avr toolchain/bin/../lib/gcc/avr/4.5.1/avr4\libgcc.a(_exit.o)
                              c:/program files/atmel/avr studio 5.0/extensions/application/avr toolchain/bin/../lib/gcc/avr/4.5.1/../../../../avr/lib/avr4/crtm8.o (exit)
c:/program files/atmel/avr studio 5.0/extensions/application/avr toolchain/bin/../lib/gcc/avr/4.5.1/avr4\libgcc.a(_clear_bss.o)
                              L1.o (__do_clear_bss)
c:/program files/atmel/avr studio 5.0/extensions/application/avr toolchain/bin/../lib/gcc/avr/4.5.1/avr4\libgcc.a(_fixunssfsi.o)
                              L1.o (__fixunssfsi)
c:/program files/atmel/avr studio 5.0/extensions/application/avr toolchain/bin/../lib/gcc/avr/4.5.1/avr4\libgcc.a(_addsub_sf.o)
                              c:/program files/atmel/avr studio 5.0/extensions/application/avr toolchain/bin/../lib/gcc/avr/4.5.1/avr4\libgcc.a(_fixunssfsi.o) (__subsf3)
c:/program files/atmel/avr studio 5.0/extensions/application/avr toolchain/bin/../lib/gcc/avr/4.5.1/avr4\libgcc.a(_mul_sf.o)
                              L1.o (__mulsf3)
c:/program files/atmel/avr studio 5.0/extensions/application/avr toolchain/bin/../lib/gcc/avr/4.5.1/avr4\libgcc.a(_gt_sf.o)
                              L1.o (__gtsf2)
c:/program files/atmel/avr studio 5.0/extensions/application/avr toolchain/bin/../lib/gcc/avr/4.5.1/avr4\libgcc.a(_ge_sf.o)
                              c:/program files/atmel/avr studio 5.0/extensions/application/avr toolchain/bin/../lib/gcc/avr/4.5.1/avr4\libgcc.a(_fixunssfsi.o) (__gesf2)
c:/program files/atmel/avr studio 5.0/extensions/application/avr toolchain/bin/../lib/gcc/avr/4.5.1/avr4\libgcc.a(_lt_sf.o)
                              L1.o (__ltsf2)
c:/program files/atmel/avr studio 5.0/extensions/application/avr toolchain/bin/../lib/gcc/avr/4.5.1/avr4\libgcc.a(_sf_to_si.o)
                              c:/program files/atmel/avr studio 5.0/extensions/application/avr toolchain/bin/../lib/gcc/avr/4.5.1/avr4\libgcc.a(_fixunssfsi.o) (__fixsfsi)
c:/program files/atmel/avr studio 5.0/extensions/application/avr toolchain/bin/../lib/gcc/avr/4.5.1/avr4\libgcc.a(_thenan_sf.o)
                              c:/program files/atmel/avr studio 5.0/extensions/application/avr toolchain/bin/../lib/gcc/avr/4.5.1/avr4\libgcc.a(_addsub_sf.o) (__thenan_sf)
c:/program files/atmel/avr studio 5.0/extensions/application/avr toolchain/bin/../lib/gcc/avr/4.5.1/avr4\libgcc.a(_prologue.o)
                              c:/program files/atmel/avr studio 5.0/extensions/application/avr toolchain/bin/../lib/gcc/avr/4.5.1/avr4\libgcc.a(_addsub_sf.o) (__prologue_saves__)
c:/program files/atmel/avr studio 5.0/extensions/application/avr toolchain/bin/../lib/gcc/avr/4.5.1/avr4\libgcc.a(_epilogue.o)
                              c:/program files/atmel/avr studio 5.0/extensions/application/avr toolchain/bin/../lib/gcc/avr/4.5.1/avr4\libgcc.a(_addsub_sf.o) (__epilogue_restores__)
c:/program files/atmel/avr studio 5.0/extensions/application/avr toolchain/bin/../lib/gcc/avr/4.5.1/avr4\libgcc.a(_copy_data.o)
                              c:/program files/atmel/avr studio 5.0/extensions/application/avr toolchain/bin/../lib/gcc/avr/4.5.1/avr4\libgcc.a(_thenan_sf.o) (__do_copy_data)
c:/program files/atmel/avr studio 5.0/extensions/application/avr toolchain/bin/../lib/gcc/avr/4.5.1/avr4\libgcc.a(_pack_sf.o)
                              c:/program files/atmel/avr studio 5.0/extensions/application/avr toolchain/bin/../lib/gcc/avr/4.5.1/avr4\libgcc.a(_addsub_sf.o) (__pack_f)
c:/program files/atmel/avr studio 5.0/extensions/application/avr toolchain/bin/../lib/gcc/avr/4.5.1/avr4\libgcc.a(_unpack_sf.o)
                              c:/program files/atmel/avr studio 5.0/extensions/application/avr toolchain/bin/../lib/gcc/avr/4.5.1/avr4\libgcc.a(_addsub_sf.o) (__unpack_f)
c:/program files/atmel/avr studio 5.0/extensions/application/avr toolchain/bin/../lib/gcc/avr/4.5.1/avr4\libgcc.a(_fpcmp_parts_sf.o)
                              c:/program files/atmel/avr studio 5.0/extensions/application/avr toolchain/bin/../lib/gcc/avr/4.5.1/avr4\libgcc.a(_gt_sf.o) (__fpcmp_parts_f)

Memory Configuration

Name             Origin             Length             Attributes
text             0x00000000         0x00002000         xr
data             0x00800060         0x0000ffa0         rw !x
eeprom           0x00810000         0x00010000         rw !x
fuse             0x00820000         0x00000400         rw !x
lock             0x00830000         0x00000400         rw !x
signature        0x00840000         0x00000400         rw !x
*default*        0x00000000         0xffffffff

Linker script and memory map

LOAD c:/program files/atmel/avr studio 5.0/extensions/application/avr toolchain/bin/../lib/gcc/avr/4.5.1/../../../../avr/lib/avr4/crtm8.o
LOAD L1.o
LOAD c:/program files/atmel/avr studio 5.0/extensions/application/avr toolchain/bin/../lib/gcc/avr/4.5.1/avr4\libgcc.a
LOAD c:/program files/atmel/avr studio 5.0/extensions/application/avr toolchain/bin/../lib/gcc/avr/4.5.1/../../../../avr/lib/avr4\libc.a
LOAD c:/program files/atmel/avr studio 5.0/extensions/application/avr toolchain/bin/../lib/gcc/avr/4.5.1/avr4\libgcc.a

.hash
 *(.hash)

.dynsym
 *(.dynsym)

.dynstr
 *(.dynstr)

.gnu.version
 *(.gnu.version)

.gnu.version_d
 *(.gnu.version_d)

.gnu.version_r
 *(.gnu.version_r)

.rel.init
 *(.rel.init)

.rela.init
 *(.rela.init)

.rel.text
 *(.rel.text)
 *(.rel.text.*)
 *(.rel.gnu.linkonce.t*)

.rela.text
 *(.rela.text)
 *(.rela.text.*)
 *(.rela.gnu.linkonce.t*)

.rel.fini
 *(.rel.fini)

.rela.fini
 *(.rela.fini)

.rel.rodata
 *(.rel.rodata)
 *(.rel.rodata.*)
 *(.rel.gnu.linkonce.r*)

.rela.rodata
 *(.rela.rodata)
 *(.rela.rodata.*)
 *(.rela.gnu.linkonce.r*)

.rel.data
 *(.rel.data)
 *(.rel.data.*)
 *(.rel.gnu.linkonce.d*)

.rela.data
 *(.rela.data)
 *(.rela.data.*)
 *(.rela.gnu.linkonce.d*)

.rel.ctors
 *(.rel.ctors)

.rela.ctors
 *(.rela.ctors)

.rel.dtors
 *(.rel.dtors)

.rela.dtors
 *(.rela.dtors)

.rel.got
 *(.rel.got)

.rela.got
 *(.rela.got)

.rel.bss
 *(.rel.bss)

.rela.bss
 *(.rela.bss)

.rel.plt
 *(.rel.plt)

.rela.plt
 *(.rela.plt)

.text           0x00000000     0x1786
 *(.vectors)
 .vectors       0x00000000       0x26 c:/program files/atmel/avr studio 5.0/extensions/application/avr toolchain/bin/../lib/gcc/avr/4.5.1/../../../../avr/lib/avr4/crtm8.o
                0x00000000                __vector_default
                0x00000000                __vectors
 *(.vectors)
 *(.progmem.gcc*)
 *(.progmem*)
                0x00000026                . = ALIGN (0x2)
                0x00000026                __trampolines_start = .
 *(.trampolines)
 .trampolines   0x00000026        0x0 linker stubs
 *(.trampolines*)
                0x00000026                __trampolines_end = .
 *(.jumptables)
 *(.jumptables*)
 *(.lowtext)
 *(.lowtext*)
                0x00000026                __ctors_start = .
 *(.ctors)
                0x00000026                __ctors_end = .
                0x00000026                __dtors_start = .
 *(.dtors)
                0x00000026                __dtors_end = .
 SORT(*)(.ctors)
 SORT(*)(.dtors)
 *(.init0)
 .init0         0x00000026        0x0 c:/program files/atmel/avr studio 5.0/extensions/application/avr toolchain/bin/../lib/gcc/avr/4.5.1/../../../../avr/lib/avr4/crtm8.o
                0x00000026                __init
 *(.init0)
 *(.init1)
 *(.init1)
 *(.init2)
 .init2         0x00000026        0xc c:/program files/atmel/avr studio 5.0/extensions/application/avr toolchain/bin/../lib/gcc/avr/4.5.1/../../../../avr/lib/avr4/crtm8.o
 *(.init2)
 *(.init3)
 *(.init3)
 *(.init4)
 .init4         0x00000032       0x10 c:/program files/atmel/avr studio 5.0/extensions/application/avr toolchain/bin/../lib/gcc/avr/4.5.1/avr4\libgcc.a(_clear_bss.o)
                0x00000032                __do_clear_bss
 .init4         0x00000042       0x16 c:/program files/atmel/avr studio 5.0/extensions/application/avr toolchain/bin/../lib/gcc/avr/4.5.1/avr4\libgcc.a(_copy_data.o)
                0x00000042                __do_copy_data
 *(.init4)
 *(.init5)
 *(.init5)
 *(.init6)
 *(.init6)
 *(.init7)
 *(.init7)
 *(.init8)
 *(.init8)
 *(.init9)
 .init9         0x00000058        0x4 c:/program files/atmel/avr studio 5.0/extensions/application/avr toolchain/bin/../lib/gcc/avr/4.5.1/../../../../avr/lib/avr4/crtm8.o
 *(.init9)
 *(.text)
 .text          0x0000005c        0x2 c:/program files/atmel/avr studio 5.0/extensions/application/avr toolchain/bin/../lib/gcc/avr/4.5.1/../../../../avr/lib/avr4/crtm8.o
                0x0000005c                __vector_1
                0x0000005c                __vector_12
                0x0000005c                __bad_interrupt
                0x0000005c                __vector_6
                0x0000005c                __vector_3
                0x0000005c                __vector_11
                0x0000005c                __vector_13
                0x0000005c                __vector_17
                0x0000005c                __vector_7
                0x0000005c                __vector_5
                0x0000005c                __vector_4
                0x0000005c                __vector_9
                0x0000005c                __vector_2
                0x0000005c                __vector_15
                0x0000005c                __vector_8
                0x0000005c                __vector_14
                0x0000005c                __vector_10
                0x0000005c                __vector_16
                0x0000005c                __vector_18
 .text          0x0000005e      0xc8a L1.o
                0x0000005e                ferst
                0x000003e8                second
                0x00000666                third
                0x000008e2                fourth
                0x00000b68                fifth
                0x00000cc2                main
 .text          0x00000ce8        0x0 c:/program files/atmel/avr studio 5.0/extensions/application/avr toolchain/bin/../lib/gcc/avr/4.5.1/avr4\libgcc.a(_exit.o)
 .text          0x00000ce8        0x0 c:/program files/atmel/avr studio 5.0/extensions/application/avr toolchain/bin/../lib/gcc/avr/4.5.1/avr4\libgcc.a(_clear_bss.o)
 .text          0x00000ce8       0x50 c:/program files/atmel/avr studio 5.0/extensions/application/avr toolchain/bin/../lib/gcc/avr/4.5.1/avr4\libgcc.a(_fixunssfsi.o)
                0x00000ce8                __fixunssfsi
 .text          0x00000d38      0x334 c:/program files/atmel/avr studio 5.0/extensions/application/avr toolchain/bin/../lib/gcc/avr/4.5.1/avr4\libgcc.a(_addsub_sf.o)
                0x00000fc8                __addsf3
                0x00001016                __subsf3
 .text          0x0000106c      0x1ea c:/program files/atmel/avr studio 5.0/extensions/application/avr toolchain/bin/../lib/gcc/avr/4.5.1/avr4\libgcc.a(_mul_sf.o)
                0x0000106c                __mulsf3
 .text          0x00001256       0x56 c:/program files/atmel/avr studio 5.0/extensions/application/avr toolchain/bin/../lib/gcc/avr/4.5.1/avr4\libgcc.a(_gt_sf.o)
                0x00001256                __gtsf2
 .text          0x000012ac       0x56 c:/program files/atmel/avr studio 5.0/extensions/application/avr toolchain/bin/../lib/gcc/avr/4.5.1/avr4\libgcc.a(_ge_sf.o)
                0x000012ac                __gesf2
 .text          0x00001302       0x56 c:/program files/atmel/avr studio 5.0/extensions/application/avr toolchain/bin/../lib/gcc/avr/4.5.1/avr4\libgcc.a(_lt_sf.o)
                0x00001302                __ltsf2
 .text          0x00001358       0x9e c:/program files/atmel/avr studio 5.0/extensions/application/avr toolchain/bin/../lib/gcc/avr/4.5.1/avr4\libgcc.a(_sf_to_si.o)
                0x00001358                __fixsfsi
 .text          0x000013f6        0x0 c:/program files/atmel/avr studio 5.0/extensions/application/avr toolchain/bin/../lib/gcc/avr/4.5.1/avr4\libgcc.a(_thenan_sf.o)
 .text          0x000013f6        0x0 c:/program files/atmel/avr studio 5.0/extensions/application/avr toolchain/bin/../lib/gcc/avr/4.5.1/avr4\libgcc.a(_prologue.o)
 .text          0x000013f6        0x0 c:/program files/atmel/avr studio 5.0/extensions/application/avr toolchain/bin/../lib/gcc/avr/4.5.1/avr4\libgcc.a(_epilogue.o)
 .text          0x000013f6        0x0 c:/program files/atmel/avr studio 5.0/extensions/application/avr toolchain/bin/../lib/gcc/avr/4.5.1/avr4\libgcc.a(_copy_data.o)
 .text          0x000013f6      0x19a c:/program files/atmel/avr studio 5.0/extensions/application/avr toolchain/bin/../lib/gcc/avr/4.5.1/avr4\libgcc.a(_pack_sf.o)
                0x000013f6                __pack_f
 .text          0x00001590       0xd2 c:/program files/atmel/avr studio 5.0/extensions/application/avr toolchain/bin/../lib/gcc/avr/4.5.1/avr4\libgcc.a(_unpack_sf.o)
                0x00001590                __unpack_f
 .text          0x00001662       0xb2 c:/program files/atmel/avr studio 5.0/extensions/application/avr toolchain/bin/../lib/gcc/avr/4.5.1/avr4\libgcc.a(_fpcmp_parts_sf.o)
                0x00001662                __fpcmp_parts_f
                0x00001714                . = ALIGN (0x2)
 *(.text.*)
 .text.libgcc   0x00001714        0x0 c:/program files/atmel/avr studio 5.0/extensions/application/avr toolchain/bin/../lib/gcc/avr/4.5.1/avr4\libgcc.a(_exit.o)
 .text.libgcc   0x00001714        0x0 c:/program files/atmel/avr studio 5.0/extensions/application/avr toolchain/bin/../lib/gcc/avr/4.5.1/avr4\libgcc.a(_clear_bss.o)
 .text.libgcc   0x00001714       0x38 c:/program files/atmel/avr studio 5.0/extensions/application/avr toolchain/bin/../lib/gcc/avr/4.5.1/avr4\libgcc.a(_prologue.o)
                0x00001714                __prologue_saves__
 .text.libgcc   0x0000174c       0x36 c:/program files/atmel/avr studio 5.0/extensions/application/avr toolchain/bin/../lib/gcc/avr/4.5.1/avr4\libgcc.a(_epilogue.o)
                0x0000174c                __epilogue_restores__
 .text.libgcc   0x00001782        0x0 c:/program files/atmel/avr studio 5.0/extensions/application/avr toolchain/bin/../lib/gcc/avr/4.5.1/avr4\libgcc.a(_copy_data.o)
                0x00001782                . = ALIGN (0x2)
 *(.fini9)
 .fini9         0x00001782        0x0 c:/program files/atmel/avr studio 5.0/extensions/application/avr toolchain/bin/../lib/gcc/avr/4.5.1/avr4\libgcc.a(_exit.o)
                0x00001782                _exit
                0x00001782                exit
 *(.fini9)
 *(.fini8)
 *(.fini8)
 *(.fini7)
 *(.fini7)
 *(.fini6)
 *(.fini6)
 *(.fini5)
 *(.fini5)
 *(.fini4)
 *(.fini4)
 *(.fini3)
 *(.fini3)
 *(.fini2)
 *(.fini2)
 *(.fini1)
 *(.fini1)
 *(.fini0)
 .fini0         0x00001782        0x4 c:/program files/atmel/avr studio 5.0/extensions/application/avr toolchain/bin/../lib/gcc/avr/4.5.1/avr4\libgcc.a(_exit.o)
 *(.fini0)
                0x00001786                _etext = .

.data           0x00800060        0x8 load address 0x00001786
                0x00800060                PROVIDE (__data_start, .)
 *(.data)
 .data          0x00800060        0x0 c:/program files/atmel/avr studio 5.0/extensions/application/avr toolchain/bin/../lib/gcc/avr/4.5.1/../../../../avr/lib/avr4/crtm8.o
 .data          0x00800060        0x0 L1.o
 .data          0x00800060        0x0 c:/program files/atmel/avr studio 5.0/extensions/application/avr toolchain/bin/../lib/gcc/avr/4.5.1/avr4\libgcc.a(_exit.o)
 .data          0x00800060        0x0 c:/program files/atmel/avr studio 5.0/extensions/application/avr toolchain/bin/../lib/gcc/avr/4.5.1/avr4\libgcc.a(_clear_bss.o)
 .data          0x00800060        0x0 c:/program files/atmel/avr studio 5.0/extensions/application/avr toolchain/bin/../lib/gcc/avr/4.5.1/avr4\libgcc.a(_fixunssfsi.o)
 .data          0x00800060        0x0 c:/program files/atmel/avr studio 5.0/extensions/application/avr toolchain/bin/../lib/gcc/avr/4.5.1/avr4\libgcc.a(_addsub_sf.o)
 .data          0x00800060        0x0 c:/program files/atmel/avr studio 5.0/extensions/application/avr toolchain/bin/../lib/gcc/avr/4.5.1/avr4\libgcc.a(_mul_sf.o)
 .data          0x00800060        0x0 c:/program files/atmel/avr studio 5.0/extensions/application/avr toolchain/bin/../lib/gcc/avr/4.5.1/avr4\libgcc.a(_gt_sf.o)
 .data          0x00800060        0x0 c:/program files/atmel/avr studio 5.0/extensions/application/avr toolchain/bin/../lib/gcc/avr/4.5.1/avr4\libgcc.a(_ge_sf.o)
 .data          0x00800060        0x0 c:/program files/atmel/avr studio 5.0/extensions/application/avr toolchain/bin/../lib/gcc/avr/4.5.1/avr4\libgcc.a(_lt_sf.o)
 .data          0x00800060        0x0 c:/program files/atmel/avr studio 5.0/extensions/application/avr toolchain/bin/../lib/gcc/avr/4.5.1/avr4\libgcc.a(_sf_to_si.o)
 .data          0x00800060        0x8 c:/program files/atmel/avr studio 5.0/extensions/application/avr toolchain/bin/../lib/gcc/avr/4.5.1/avr4\libgcc.a(_thenan_sf.o)
                0x00800060                __thenan_sf
 .data          0x00800068        0x0 c:/program files/atmel/avr studio 5.0/extensions/application/avr toolchain/bin/../lib/gcc/avr/4.5.1/avr4\libgcc.a(_prologue.o)
 .data          0x00800068        0x0 c:/program files/atmel/avr studio 5.0/extensions/application/avr toolchain/bin/../lib/gcc/avr/4.5.1/avr4\libgcc.a(_epilogue.o)
 .data          0x00800068        0x0 c:/program files/atmel/avr studio 5.0/extensions/application/avr toolchain/bin/../lib/gcc/avr/4.5.1/avr4\libgcc.a(_copy_data.o)
 .data          0x00800068        0x0 c:/program files/atmel/avr studio 5.0/extensions/application/avr toolchain/bin/../lib/gcc/avr/4.5.1/avr4\libgcc.a(_pack_sf.o)
 .data          0x00800068        0x0 c:/program files/atmel/avr studio 5.0/extensions/application/avr toolchain/bin/../lib/gcc/avr/4.5.1/avr4\libgcc.a(_unpack_sf.o)
 .data          0x00800068        0x0 c:/program files/atmel/avr studio 5.0/extensions/application/avr toolchain/bin/../lib/gcc/avr/4.5.1/avr4\libgcc.a(_fpcmp_parts_sf.o)
 *(.data*)
 *(.rodata)
 *(.rodata*)
 *(.gnu.linkonce.d*)
                0x00800068                . = ALIGN (0x2)
                0x00800068                _edata = .
                0x00800068                PROVIDE (__data_end, .)

.bss            0x00800068        0x5
                0x00800068                PROVIDE (__bss_start, .)
 *(.bss)
 .bss           0x00800068        0x0 c:/program files/atmel/avr studio 5.0/extensions/application/avr toolchain/bin/../lib/gcc/avr/4.5.1/../../../../avr/lib/avr4/crtm8.o
 .bss           0x00800068        0x5 L1.o
                0x00800068                i
                0x00800069                a
                0x0080006a                b
                0x0080006b                c
                0x0080006c                d
 .bss           0x0080006d        0x0 c:/program files/atmel/avr studio 5.0/extensions/application/avr toolchain/bin/../lib/gcc/avr/4.5.1/avr4\libgcc.a(_exit.o)
 .bss           0x0080006d        0x0 c:/program files/atmel/avr studio 5.0/extensions/application/avr toolchain/bin/../lib/gcc/avr/4.5.1/avr4\libgcc.a(_clear_bss.o)
 .bss           0x0080006d        0x0 c:/program files/atmel/avr studio 5.0/extensions/application/avr toolchain/bin/../lib/gcc/avr/4.5.1/avr4\libgcc.a(_fixunssfsi.o)
 .bss           0x0080006d        0x0 c:/program files/atmel/avr studio 5.0/extensions/application/avr toolchain/bin/../lib/gcc/avr/4.5.1/avr4\libgcc.a(_addsub_sf.o)
 .bss           0x0080006d        0x0 c:/program files/atmel/avr studio 5.0/extensions/application/avr toolchain/bin/../lib/gcc/avr/4.5.1/avr4\libgcc.a(_mul_sf.o)
 .bss           0x0080006d        0x0 c:/program files/atmel/avr studio 5.0/extensions/application/avr toolchain/bin/../lib/gcc/avr/4.5.1/avr4\libgcc.a(_gt_sf.o)
 .bss           0x0080006d        0x0 c:/program files/atmel/avr studio 5.0/extensions/application/avr toolchain/bin/../lib/gcc/avr/4.5.1/avr4\libgcc.a(_ge_sf.o)
 .bss           0x0080006d        0x0 c:/program files/atmel/avr studio 5.0/extensions/application/avr toolchain/bin/../lib/gcc/avr/4.5.1/avr4\libgcc.a(_lt_sf.o)
 .bss           0x0080006d        0x0 c:/program files/atmel/avr studio 5.0/extensions/application/avr toolchain/bin/../lib/gcc/avr/4.5.1/avr4\libgcc.a(_sf_to_si.o)
 .bss           0x0080006d        0x0 c:/program files/atmel/avr studio 5.0/extensions/application/avr toolchain/bin/../lib/gcc/avr/4.5.1/avr4\libgcc.a(_thenan_sf.o)
 .bss           0x0080006d        0x0 c:/program files/atmel/avr studio 5.0/extensions/application/avr toolchain/bin/../lib/gcc/avr/4.5.1/avr4\libgcc.a(_prologue.o)
 .bss           0x0080006d        0x0 c:/program files/atmel/avr studio 5.0/extensions/application/avr toolchain/bin/../lib/gcc/avr/4.5.1/avr4\libgcc.a(_epilogue.o)
 .bss           0x0080006d        0x0 c:/program files/atmel/avr studio 5.0/extensions/application/avr toolchain/bin/../lib/gcc/avr/4.5.1/avr4\libgcc.a(_copy_data.o)
 .bss           0x0080006d        0x0 c:/program files/atmel/avr studio 5.0/extensions/application/avr toolchain/bin/../lib/gcc/avr/4.5.1/avr4\libgcc.a(_pack_sf.o)
 .bss           0x0080006d        0x0 c:/program files/atmel/avr studio 5.0/extensions/application/avr toolchain/bin/../lib/gcc/avr/4.5.1/avr4\libgcc.a(_unpack_sf.o)
 .bss           0x0080006d        0x0 c:/program files/atmel/avr studio 5.0/extensions/application/avr toolchain/bin/../lib/gcc/avr/4.5.1/avr4\libgcc.a(_fpcmp_parts_sf.o)
 *(.bss*)
 *(COMMON)
                0x0080006d                PROVIDE (__bss_end, .)
                0x00001786                __data_load_start = LOADADDR (.data)
                0x0000178e                __data_load_end = (__data_load_start + SIZEOF (.data))

.noinit         0x0080006d        0x0
                0x0080006d                PROVIDE (__noinit_start, .)
 *(.noinit*)
                0x0080006d                PROVIDE (__noinit_end, .)
                0x0080006d                _end = .
                0x0080006d                PROVIDE (__heap_start, .)

.eeprom         0x00810000        0x0
 *(.eeprom*)
                0x00810000                __eeprom_end = .

.fuse
 *(.fuse)
 *(.lfuse)
 *(.hfuse)
 *(.efuse)

.lock
 *(.lock*)

.signature
 *(.signature*)

.stab           0x00000000      0x6cc
 *(.stab)
 .stab          0x00000000      0x6cc c:/program files/atmel/avr studio 5.0/extensions/application/avr toolchain/bin/../lib/gcc/avr/4.5.1/../../../../avr/lib/avr4/crtm8.o

.stabstr        0x00000000       0x82
 *(.stabstr)
 .stabstr       0x00000000       0x82 c:/program files/atmel/avr studio 5.0/extensions/application/avr toolchain/bin/../lib/gcc/avr/4.5.1/../../../../avr/lib/avr4/crtm8.o

.stab.excl
 *(.stab.excl)

.stab.exclstr
 *(.stab.exclstr)

.stab.index
 *(.stab.index)

.stab.indexstr
 *(.stab.indexstr)

.comment
 *(.comment)

.debug
 *(.debug)

.line
 *(.line)

.debug_srcinfo
 *(.debug_srcinfo)

.debug_sfnames
 *(.debug_sfnames)

.debug_aranges  0x00000000      0x160
 *(.debug_aranges)
 .debug_aranges
                0x00000000       0x20 L1.o
 .debug_aranges
                0x00000020       0x20 c:/program files/atmel/avr studio 5.0/extensions/application/avr toolchain/bin/../lib/gcc/avr/4.5.1/avr4\libgcc.a(_fixunssfsi.o)
 .debug_aranges
                0x00000040       0x20 c:/program files/atmel/avr studio 5.0/extensions/application/avr toolchain/bin/../lib/gcc/avr/4.5.1/avr4\libgcc.a(_addsub_sf.o)
 .debug_aranges
                0x00000060       0x20 c:/program files/atmel/avr studio 5.0/extensions/application/avr toolchain/bin/../lib/gcc/avr/4.5.1/avr4\libgcc.a(_mul_sf.o)
 .debug_aranges
                0x00000080       0x20 c:/program files/atmel/avr studio 5.0/extensions/application/avr toolchain/bin/../lib/gcc/avr/4.5.1/avr4\libgcc.a(_gt_sf.o)
 .debug_aranges
                0x000000a0       0x20 c:/program files/atmel/avr studio 5.0/extensions/application/avr toolchain/bin/../lib/gcc/avr/4.5.1/avr4\libgcc.a(_ge_sf.o)
 .debug_aranges
                0x000000c0       0x20 c:/program files/atmel/avr studio 5.0/extensions/application/avr toolchain/bin/../lib/gcc/avr/4.5.1/avr4\libgcc.a(_lt_sf.o)
 .debug_aranges
                0x000000e0       0x20 c:/program files/atmel/avr studio 5.0/extensions/application/avr toolchain/bin/../lib/gcc/avr/4.5.1/avr4\libgcc.a(_sf_to_si.o)
 .debug_aranges
                0x00000100       0x20 c:/program files/atmel/avr studio 5.0/extensions/application/avr toolchain/bin/../lib/gcc/avr/4.5.1/avr4\libgcc.a(_pack_sf.o)
 .debug_aranges
                0x00000120       0x20 c:/program files/atmel/avr studio 5.0/extensions/application/avr toolchain/bin/../lib/gcc/avr/4.5.1/avr4\libgcc.a(_unpack_sf.o)
 .debug_aranges
                0x00000140       0x20 c:/program files/atmel/avr studio 5.0/extensions/application/avr toolchain/bin/../lib/gcc/avr/4.5.1/avr4\libgcc.a(_fpcmp_parts_sf.o)

.debug_pubnames
                0x00000000      0x1dd
 *(.debug_pubnames)
 .debug_pubnames
                0x00000000       0x6d L1.o
 .debug_pubnames
                0x0000006d       0x23 c:/program files/atmel/avr studio 5.0/extensions/application/avr toolchain/bin/../lib/gcc/avr/4.5.1/avr4\libgcc.a(_fixunssfsi.o)
 .debug_pubnames
                0x00000090       0x2c c:/program files/atmel/avr studio 5.0/extensions/application/avr toolchain/bin/../lib/gcc/avr/4.5.1/avr4\libgcc.a(_addsub_sf.o)
 .debug_pubnames
                0x000000bc       0x1f c:/program files/atmel/avr studio 5.0/extensions/application/avr toolchain/bin/../lib/gcc/avr/4.5.1/avr4\libgcc.a(_mul_sf.o)
 .debug_pubnames
                0x000000db       0x1e c:/program files/atmel/avr studio 5.0/extensions/application/avr toolchain/bin/../lib/gcc/avr/4.5.1/avr4\libgcc.a(_gt_sf.o)
 .debug_pubnames
                0x000000f9       0x1e c:/program files/atmel/avr studio 5.0/extensions/application/avr toolchain/bin/../lib/gcc/avr/4.5.1/avr4\libgcc.a(_ge_sf.o)
 .debug_pubnames
                0x00000117       0x1e c:/program files/atmel/avr studio 5.0/extensions/application/avr toolchain/bin/../lib/gcc/avr/4.5.1/avr4\libgcc.a(_lt_sf.o)
 .debug_pubnames
                0x00000135       0x20 c:/program files/atmel/avr studio 5.0/extensions/application/avr toolchain/bin/../lib/gcc/avr/4.5.1/avr4\libgcc.a(_sf_to_si.o)
 .debug_pubnames
                0x00000155       0x22 c:/program files/atmel/avr studio 5.0/extensions/application/avr toolchain/bin/../lib/gcc/avr/4.5.1/avr4\libgcc.a(_thenan_sf.o)
 .debug_pubnames
                0x00000177       0x1f c:/program files/atmel/avr studio 5.0/extensions/application/avr toolchain/bin/../lib/gcc/avr/4.5.1/avr4\libgcc.a(_pack_sf.o)
 .debug_pubnames
                0x00000196       0x21 c:/program files/atmel/avr studio 5.0/extensions/application/avr toolchain/bin/../lib/gcc/avr/4.5.1/avr4\libgcc.a(_unpack_sf.o)
 .debug_pubnames
                0x000001b7       0x26 c:/program files/atmel/avr studio 5.0/extensions/application/avr toolchain/bin/../lib/gcc/avr/4.5.1/avr4\libgcc.a(_fpcmp_parts_sf.o)

.debug_info     0x00000000     0x21c8
 *(.debug_info)
 .debug_info    0x00000000      0x603 L1.o
 .debug_info    0x00000603       0xbd c:/program files/atmel/avr studio 5.0/extensions/application/avr toolchain/bin/../lib/gcc/avr/4.5.1/avr4\libgcc.a(_fixunssfsi.o)
 .debug_info    0x000006c0      0x455 c:/program files/atmel/avr studio 5.0/extensions/application/avr toolchain/bin/../lib/gcc/avr/4.5.1/avr4\libgcc.a(_addsub_sf.o)
 .debug_info    0x00000b15      0x3ec c:/program files/atmel/avr studio 5.0/extensions/application/avr toolchain/bin/../lib/gcc/avr/4.5.1/avr4\libgcc.a(_mul_sf.o)
 .debug_info    0x00000f01      0x28a c:/program files/atmel/avr studio 5.0/extensions/application/avr toolchain/bin/../lib/gcc/avr/4.5.1/avr4\libgcc.a(_gt_sf.o)
 .debug_info    0x0000118b      0x28a c:/program files/atmel/avr studio 5.0/extensions/application/avr toolchain/bin/../lib/gcc/avr/4.5.1/avr4\libgcc.a(_ge_sf.o)
 .debug_info    0x00001415      0x28a c:/program files/atmel/avr studio 5.0/extensions/application/avr toolchain/bin/../lib/gcc/avr/4.5.1/avr4\libgcc.a(_lt_sf.o)
 .debug_info    0x0000169f      0x2a5 c:/program files/atmel/avr studio 5.0/extensions/application/avr toolchain/bin/../lib/gcc/avr/4.5.1/avr4\libgcc.a(_sf_to_si.o)
 .debug_info    0x00001944      0x15e c:/program files/atmel/avr studio 5.0/extensions/application/avr toolchain/bin/../lib/gcc/avr/4.5.1/avr4\libgcc.a(_thenan_sf.o)
 .debug_info    0x00001aa2      0x2d9 c:/program files/atmel/avr studio 5.0/extensions/application/avr toolchain/bin/../lib/gcc/avr/4.5.1/avr4\libgcc.a(_pack_sf.o)
 .debug_info    0x00001d7b      0x25c c:/program files/atmel/avr studio 5.0/extensions/application/avr toolchain/bin/../lib/gcc/avr/4.5.1/avr4\libgcc.a(_unpack_sf.o)
 .debug_info    0x00001fd7      0x1f1 c:/program files/atmel/avr studio 5.0/extensions/application/avr toolchain/bin/../lib/gcc/avr/4.5.1/avr4\libgcc.a(_fpcmp_parts_sf.o)
 *(.gnu.linkonce.wi.*)

.debug_abbrev   0x00000000      0xed8
 *(.debug_abbrev)
 .debug_abbrev  0x00000000       0xfa L1.o
 .debug_abbrev  0x000000fa       0x5d c:/program files/atmel/avr studio 5.0/extensions/application/avr toolchain/bin/../lib/gcc/avr/4.5.1/avr4\libgcc.a(_fixunssfsi.o)
 .debug_abbrev  0x00000157      0x1af c:/program files/atmel/avr studio 5.0/extensions/application/avr toolchain/bin/../lib/gcc/avr/4.5.1/avr4\libgcc.a(_addsub_sf.o)
 .debug_abbrev  0x00000306      0x1d9 c:/program files/atmel/avr studio 5.0/extensions/application/avr toolchain/bin/../lib/gcc/avr/4.5.1/avr4\libgcc.a(_mul_sf.o)
 .debug_abbrev  0x000004df      0x151 c:/program files/atmel/avr studio 5.0/extensions/application/avr toolchain/bin/../lib/gcc/avr/4.5.1/avr4\libgcc.a(_gt_sf.o)
 .debug_abbrev  0x00000630      0x151 c:/program files/atmel/avr studio 5.0/extensions/application/avr toolchain/bin/../lib/gcc/avr/4.5.1/avr4\libgcc.a(_ge_sf.o)
 .debug_abbrev  0x00000781      0x151 c:/program files/atmel/avr studio 5.0/extensions/application/avr toolchain/bin/../lib/gcc/avr/4.5.1/avr4\libgcc.a(_lt_sf.o)
 .debug_abbrev  0x000008d2      0x160 c:/program files/atmel/avr studio 5.0/extensions/application/avr toolchain/bin/../lib/gcc/avr/4.5.1/avr4\libgcc.a(_sf_to_si.o)
 .debug_abbrev  0x00000a32       0xcb c:/program files/atmel/avr studio 5.0/extensions/application/avr toolchain/bin/../lib/gcc/avr/4.5.1/avr4\libgcc.a(_thenan_sf.o)
 .debug_abbrev  0x00000afd      0x185 c:/program files/atmel/avr studio 5.0/extensions/application/avr toolchain/bin/../lib/gcc/avr/4.5.1/avr4\libgcc.a(_pack_sf.o)
 .debug_abbrev  0x00000c82      0x14b c:/program files/atmel/avr studio 5.0/extensions/application/avr toolchain/bin/../lib/gcc/avr/4.5.1/avr4\libgcc.a(_unpack_sf.o)
 .debug_abbrev  0x00000dcd      0x10b c:/program files/atmel/avr studio 5.0/extensions/application/avr toolchain/bin/../lib/gcc/avr/4.5.1/avr4\libgcc.a(_fpcmp_parts_sf.o)

.debug_line     0x00000000     0x177b
 *(.debug_line)
 .debug_line    0x00000000      0x778 L1.o
 .debug_line    0x00000778       0xc6 c:/program files/atmel/avr studio 5.0/extensions/application/avr toolchain/bin/../lib/gcc/avr/4.5.1/avr4\libgcc.a(_fixunssfsi.o)
 .debug_line    0x0000083e      0x2eb c:/program files/atmel/avr studio 5.0/extensions/application/avr toolchain/bin/../lib/gcc/avr/4.5.1/avr4\libgcc.a(_addsub_sf.o)
 .debug_line    0x00000b29      0x287 c:/program files/atmel/avr studio 5.0/extensions/application/avr toolchain/bin/../lib/gcc/avr/4.5.1/avr4\libgcc.a(_mul_sf.o)
 .debug_line    0x00000db0      0x102 c:/program files/atmel/avr studio 5.0/extensions/application/avr toolchain/bin/../lib/gcc/avr/4.5.1/avr4\libgcc.a(_gt_sf.o)
 .debug_line    0x00000eb2      0x102 c:/program files/atmel/avr studio 5.0/extensions/application/avr toolchain/bin/../lib/gcc/avr/4.5.1/avr4\libgcc.a(_ge_sf.o)
 .debug_line    0x00000fb4      0x102 c:/program files/atmel/avr studio 5.0/extensions/application/avr toolchain/bin/../lib/gcc/avr/4.5.1/avr4\libgcc.a(_lt_sf.o)
 .debug_line    0x000010b6      0x13c c:/program files/atmel/avr studio 5.0/extensions/application/avr toolchain/bin/../lib/gcc/avr/4.5.1/avr4\libgcc.a(_sf_to_si.o)
 .debug_line    0x000011f2       0xaf c:/program files/atmel/avr studio 5.0/extensions/application/avr toolchain/bin/../lib/gcc/avr/4.5.1/avr4\libgcc.a(_thenan_sf.o)
 .debug_line    0x000012a1      0x1f2 c:/program files/atmel/avr studio 5.0/extensions/application/avr toolchain/bin/../lib/gcc/avr/4.5.1/avr4\libgcc.a(_pack_sf.o)
 .debug_line    0x00001493      0x172 c:/program files/atmel/avr studio 5.0/extensions/application/avr toolchain/bin/../lib/gcc/avr/4.5.1/avr4\libgcc.a(_unpack_sf.o)
 .debug_line    0x00001605      0x176 c:/program files/atmel/avr studio 5.0/extensions/application/avr toolchain/bin/../lib/gcc/avr/4.5.1/avr4\libgcc.a(_fpcmp_parts_sf.o)

.debug_frame    0x00000000      0x1d0
 *(.debug_frame)
 .debug_frame   0x00000000       0x70 L1.o
 .debug_frame   0x00000070       0x20 c:/program files/atmel/avr studio 5.0/extensions/application/avr toolchain/bin/../lib/gcc/avr/4.5.1/avr4\libgcc.a(_fixunssfsi.o)
 .debug_frame   0x00000090       0x40 c:/program files/atmel/avr studio 5.0/extensions/application/avr toolchain/bin/../lib/gcc/avr/4.5.1/avr4\libgcc.a(_addsub_sf.o)
 .debug_frame   0x000000d0       0x20 c:/program files/atmel/avr studio 5.0/extensions/application/avr toolchain/bin/../lib/gcc/avr/4.5.1/avr4\libgcc.a(_mul_sf.o)
 .debug_frame   0x000000f0       0x20 c:/program files/atmel/avr studio 5.0/extensions/application/avr toolchain/bin/../lib/gcc/avr/4.5.1/avr4\libgcc.a(_gt_sf.o)
 .debug_frame   0x00000110       0x20 c:/program files/atmel/avr studio 5.0/extensions/application/avr toolchain/bin/../lib/gcc/avr/4.5.1/avr4\libgcc.a(_ge_sf.o)
 .debug_frame   0x00000130       0x20 c:/program files/atmel/avr studio 5.0/extensions/application/avr toolchain/bin/../lib/gcc/avr/4.5.1/avr4\libgcc.a(_lt_sf.o)
 .debug_frame   0x00000150       0x20 c:/program files/atmel/avr studio 5.0/extensions/application/avr toolchain/bin/../lib/gcc/avr/4.5.1/avr4\libgcc.a(_sf_to_si.o)
 .debug_frame   0x00000170       0x20 c:/program files/atmel/avr studio 5.0/extensions/application/avr toolchain/bin/../lib/gcc/avr/4.5.1/avr4\libgcc.a(_pack_sf.o)
 .debug_frame   0x00000190       0x20 c:/program files/atmel/avr studio 5.0/extensions/application/avr toolchain/bin/../lib/gcc/avr/4.5.1/avr4\libgcc.a(_unpack_sf.o)
 .debug_frame   0x000001b0       0x20 c:/program files/atmel/avr studio 5.0/extensions/application/avr toolchain/bin/../lib/gcc/avr/4.5.1/avr4\libgcc.a(_fpcmp_parts_sf.o)

.debug_str      0x00000000      0x390
 *(.debug_str)
 .debug_str     0x00000000       0xe9 L1.o
                                0x11d (size before relaxing)
 .debug_str     0x000000e9       0xd1 c:/program files/atmel/avr studio 5.0/extensions/application/avr toolchain/bin/../lib/gcc/avr/4.5.1/avr4\libgcc.a(_fixunssfsi.o)
                                0x156 (size before relaxing)
 .debug_str     0x000001ba      0x155 c:/program files/atmel/avr studio 5.0/extensions/application/avr toolchain/bin/../lib/gcc/avr/4.5.1/avr4\libgcc.a(_addsub_sf.o)
                                0x240 (size before relaxing)
 .debug_str     0x0000030f       0x27 c:/program files/atmel/avr studio 5.0/extensions/application/avr toolchain/bin/../lib/gcc/avr/4.5.1/avr4\libgcc.a(_mul_sf.o)
                                0x1f9 (size before relaxing)
 .debug_str     0x00000336        0xf c:/program files/atmel/avr studio 5.0/extensions/application/avr toolchain/bin/../lib/gcc/avr/4.5.1/avr4\libgcc.a(_gt_sf.o)
                                0x1c7 (size before relaxing)
 .debug_str     0x00000345        0x8 c:/program files/atmel/avr studio 5.0/extensions/application/avr toolchain/bin/../lib/gcc/avr/4.5.1/avr4\libgcc.a(_ge_sf.o)
                                0x1c7 (size before relaxing)
 .debug_str     0x0000034d        0x8 c:/program files/atmel/avr studio 5.0/extensions/application/avr toolchain/bin/../lib/gcc/avr/4.5.1/avr4\libgcc.a(_lt_sf.o)
                                0x1c7 (size before relaxing)
 .debug_str     0x00000355        0xa c:/program files/atmel/avr studio 5.0/extensions/application/avr toolchain/bin/../lib/gcc/avr/4.5.1/avr4\libgcc.a(_sf_to_si.o)
                                0x1d0 (size before relaxing)
 .debug_str     0x00000000      0x172 c:/program files/atmel/avr studio 5.0/extensions/application/avr toolchain/bin/../lib/gcc/avr/4.5.1/avr4\libgcc.a(_thenan_sf.o)
 .debug_str     0x0000035f       0x16 c:/program files/atmel/avr studio 5.0/extensions/application/avr toolchain/bin/../lib/gcc/avr/4.5.1/avr4\libgcc.a(_pack_sf.o)
                                0x1cf (size before relaxing)
 .debug_str     0x00000375        0xb c:/program files/atmel/avr studio 5.0/extensions/application/avr toolchain/bin/../lib/gcc/avr/4.5.1/avr4\libgcc.a(_unpack_sf.o)
                                0x1b1 (size before relaxing)
 .debug_str     0x00000380       0x10 c:/program files/atmel/avr studio 5.0/extensions/application/avr toolchain/bin/../lib/gcc/avr/4.5.1/avr4\libgcc.a(_fpcmp_parts_sf.o)
                                0x195 (size before relaxing)

.debug_loc      0x00000000      0xa79
 *(.debug_loc)
 .debug_loc     0x00000000       0x34 c:/program files/atmel/avr studio 5.0/extensions/application/avr toolchain/bin/../lib/gcc/avr/4.5.1/avr4\libgcc.a(_fixunssfsi.o)
 .debug_loc     0x00000034      0x31d c:/program files/atmel/avr studio 5.0/extensions/application/avr toolchain/bin/../lib/gcc/avr/4.5.1/avr4\libgcc.a(_addsub_sf.o)
 .debug_loc     0x00000351      0x2a4 c:/program files/atmel/avr studio 5.0/extensions/application/avr toolchain/bin/../lib/gcc/avr/4.5.1/avr4\libgcc.a(_mul_sf.o)
 .debug_loc     0x000005f5       0x48 c:/program files/atmel/avr studio 5.0/extensions/application/avr toolchain/bin/../lib/gcc/avr/4.5.1/avr4\libgcc.a(_gt_sf.o)
 .debug_loc     0x0000063d       0x48 c:/program files/atmel/avr studio 5.0/extensions/application/avr toolchain/bin/../lib/gcc/avr/4.5.1/avr4\libgcc.a(_ge_sf.o)
 .debug_loc     0x00000685       0x48 c:/program files/atmel/avr studio 5.0/extensions/application/avr toolchain/bin/../lib/gcc/avr/4.5.1/avr4\libgcc.a(_lt_sf.o)
 .debug_loc     0x000006cd       0x56 c:/program files/atmel/avr studio 5.0/extensions/application/avr toolchain/bin/../lib/gcc/avr/4.5.1/avr4\libgcc.a(_sf_to_si.o)
 .debug_loc     0x00000723      0x1f5 c:/program files/atmel/avr studio 5.0/extensions/application/avr toolchain/bin/../lib/gcc/avr/4.5.1/avr4\libgcc.a(_pack_sf.o)
 .debug_loc     0x00000918      0x111 c:/program files/atmel/avr studio 5.0/extensions/application/avr toolchain/bin/../lib/gcc/avr/4.5.1/avr4\libgcc.a(_unpack_sf.o)
 .debug_loc     0x00000a29       0x50 c:/program files/atmel/avr studio 5.0/extensions/application/avr toolchain/bin/../lib/gcc/avr/4.5.1/avr4\libgcc.a(_fpcmp_parts_sf.o)

.debug_macinfo
 *(.debug_macinfo)
OUTPUT(L1.elf elf32-avr)
LOAD linker stubs

.debug_pubtypes
                0x00000000      0x588
 .debug_pubtypes
                0x00000000       0x2b L1.o
 .debug_pubtypes
                0x0000002b       0x34 c:/program files/atmel/avr studio 5.0/extensions/application/avr toolchain/bin/../lib/gcc/avr/4.5.1/avr4\libgcc.a(_fixunssfsi.o)
 .debug_pubtypes
                0x0000005f       0x9d c:/program files/atmel/avr studio 5.0/extensions/application/avr toolchain/bin/../lib/gcc/avr/4.5.1/avr4\libgcc.a(_addsub_sf.o)
 .debug_pubtypes
                0x000000fc       0x86 c:/program files/atmel/avr studio 5.0/extensions/application/avr toolchain/bin/../lib/gcc/avr/4.5.1/avr4\libgcc.a(_mul_sf.o)
 .debug_pubtypes
                0x00000182       0x91 c:/program files/atmel/avr studio 5.0/extensions/application/avr toolchain/bin/../lib/gcc/avr/4.5.1/avr4\libgcc.a(_gt_sf.o)
 .debug_pubtypes
                0x00000213       0x91 c:/program files/atmel/avr studio 5.0/extensions/application/avr toolchain/bin/../lib/gcc/avr/4.5.1/avr4\libgcc.a(_ge_sf.o)
 .debug_pubtypes
                0x000002a4       0x91 c:/program files/atmel/avr studio 5.0/extensions/application/avr toolchain/bin/../lib/gcc/avr/4.5.1/avr4\libgcc.a(_lt_sf.o)
 .debug_pubtypes
                0x00000335       0x91 c:/program files/atmel/avr studio 5.0/extensions/application/avr toolchain/bin/../lib/gcc/avr/4.5.1/avr4\libgcc.a(_sf_to_si.o)
 .debug_pubtypes
                0x000003c6       0x5b c:/program files/atmel/avr studio 5.0/extensions/application/avr toolchain/bin/../lib/gcc/avr/4.5.1/avr4\libgcc.a(_thenan_sf.o)
 .debug_pubtypes
                0x00000421       0x86 c:/program files/atmel/avr studio 5.0/extensions/application/avr toolchain/bin/../lib/gcc/avr/4.5.1/avr4\libgcc.a(_pack_sf.o)
 .debug_pubtypes
                0x000004a7       0x86 c:/program files/atmel/avr studio 5.0/extensions/application/avr toolchain/bin/../lib/gcc/avr/4.5.1/avr4\libgcc.a(_unpack_sf.o)
 .debug_pubtypes
                0x0000052d       0x5b c:/program files/atmel/avr studio 5.0/extensions/application/avr toolchain/bin/../lib/gcc/avr/4.5.1/avr4\libgcc.a(_fpcmp_parts_sf.o)

.debug_ranges   0x00000000       0x30
 .debug_ranges  0x00000000       0x30 c:/program files/atmel/avr studio 5.0/extensions/application/avr toolchain/bin/../lib/gcc/avr/4.5.1/avr4\libgcc.a(_mul_sf.o)
