Archive member included because of file (symbol)

c:/program files/atmel/avr studio 5.0/extensions/application/avr toolchain/bin/../lib/gcc/avr/4.5.1/avr4\libgcc.a(_exit.o)
                              c:/program files/atmel/avr studio 5.0/extensions/application/avr toolchain/bin/../lib/gcc/avr/4.5.1/../../../../avr/lib/avr4/crtm8.o (exit)
c:/program files/atmel/avr studio 5.0/extensions/application/avr toolchain/bin/../lib/gcc/avr/4.5.1/avr4\libgcc.a(_copy_data.o)
                              SEGM7.o (__do_copy_data)
c:/program files/atmel/avr studio 5.0/extensions/application/avr toolchain/bin/../lib/gcc/avr/4.5.1/avr4\libgcc.a(_clear_bss.o)
                              SEGM7.o (__do_clear_bss)
c:/program files/atmel/avr studio 5.0/extensions/application/avr toolchain/bin/../lib/gcc/avr/4.5.1/avr4\libgcc.a(_fixunssfsi.o)
                              SEGM7.o (__fixunssfsi)
c:/program files/atmel/avr studio 5.0/extensions/application/avr toolchain/bin/../lib/gcc/avr/4.5.1/avr4\libgcc.a(_addsub_sf.o)
                              c:/program files/atmel/avr studio 5.0/extensions/application/avr toolchain/bin/../lib/gcc/avr/4.5.1/avr4\libgcc.a(_fixunssfsi.o) (__subsf3)
c:/program files/atmel/avr studio 5.0/extensions/application/avr toolchain/bin/../lib/gcc/avr/4.5.1/avr4\libgcc.a(_mul_sf.o)
                              SEGM7.o (__mulsf3)
c:/program files/atmel/avr studio 5.0/extensions/application/avr toolchain/bin/../lib/gcc/avr/4.5.1/avr4\libgcc.a(_gt_sf.o)
                              SEGM7.o (__gtsf2)
c:/program files/atmel/avr studio 5.0/extensions/application/avr toolchain/bin/../lib/gcc/avr/4.5.1/avr4\libgcc.a(_ge_sf.o)
                              c:/program files/atmel/avr studio 5.0/extensions/application/avr toolchain/bin/../lib/gcc/avr/4.5.1/avr4\libgcc.a(_fixunssfsi.o) (__gesf2)
c:/program files/atmel/avr studio 5.0/extensions/application/avr toolchain/bin/../lib/gcc/avr/4.5.1/avr4\libgcc.a(_lt_sf.o)
                              SEGM7.o (__ltsf2)
c:/program files/atmel/avr studio 5.0/extensions/application/avr toolchain/bin/../lib/gcc/avr/4.5.1/avr4\libgcc.a(_sf_to_si.o)
                              c:/program files/atmel/avr studio 5.0/extensions/application/avr toolchain/bin/../lib/gcc/avr/4.5.1/avr4\libgcc.a(_fixunssfsi.o) (__fixsfsi)
c:/program files/atmel/avr studio 5.0/extensions/application/avr toolchain/bin/../lib/gcc/avr/4.5.1/avr4\libgcc.a(_thenan_sf.o)
                              c:/program files/atmel/avr studio 5.0/extensions/application/avr toolchain/bin/../lib/gcc/avr/4.5.1/avr4\libgcc.a(_addsub_sf.o) (__thenan_sf)
c:/program files/atmel/avr studio 5.0/extensions/application/avr toolchain/bin/../lib/gcc/avr/4.5.1/avr4\libgcc.a(_prologue.o)
                              c:/program files/atmel/avr studio 5.0/extensions/application/avr toolchain/bin/../lib/gcc/avr/4.5.1/avr4\libgcc.a(_addsub_sf.o) (__prologue_saves__)
c:/program files/atmel/avr studio 5.0/extensions/application/avr toolchain/bin/../lib/gcc/avr/4.5.1/avr4\libgcc.a(_epilogue.o)
                              c:/program files/atmel/avr studio 5.0/extensions/application/avr toolchain/bin/../lib/gcc/avr/4.5.1/avr4\libgcc.a(_addsub_sf.o) (__epilogue_restores__)
c:/program files/atmel/avr studio 5.0/extensions/application/avr toolchain/bin/../lib/gcc/avr/4.5.1/avr4\libgcc.a(_pack_sf.o)
                              c:/program files/atmel/avr studio 5.0/extensions/application/avr toolchain/bin/../lib/gcc/avr/4.5.1/avr4\libgcc.a(_addsub_sf.o) (__pack_f)
c:/program files/atmel/avr studio 5.0/extensions/application/avr toolchain/bin/../lib/gcc/avr/4.5.1/avr4\libgcc.a(_unpack_sf.o)
                              c:/program files/atmel/avr studio 5.0/extensions/application/avr toolchain/bin/../lib/gcc/avr/4.5.1/avr4\libgcc.a(_addsub_sf.o) (__unpack_f)
c:/program files/atmel/avr studio 5.0/extensions/application/avr toolchain/bin/../lib/gcc/avr/4.5.1/avr4\libgcc.a(_fpcmp_parts_sf.o)
                              c:/program files/atmel/avr studio 5.0/extensions/application/avr toolchain/bin/../lib/gcc/avr/4.5.1/avr4\libgcc.a(_gt_sf.o) (__fpcmp_parts_f)

Allocating common symbols
Common symbol       size              file

t                   0x1               SEGM7.o

Memory Configuration

Name             Origin             Length             Attributes
text             0x00000000         0x00002000         xr
data             0x00800060         0x0000ffa0         rw !x
eeprom           0x00810000         0x00010000         rw !x
fuse             0x00820000         0x00000400         rw !x
lock             0x00830000         0x00000400         rw !x
signature        0x00840000         0x00000400         rw !x
*default*        0x00000000         0xffffffff

Linker script and memory map

LOAD c:/program files/atmel/avr studio 5.0/extensions/application/avr toolchain/bin/../lib/gcc/avr/4.5.1/../../../../avr/lib/avr4/crtm8.o
LOAD SEGM7.o
LOAD c:/program files/atmel/avr studio 5.0/extensions/application/avr toolchain/bin/../lib/gcc/avr/4.5.1/avr4\libgcc.a
LOAD c:/program files/atmel/avr studio 5.0/extensions/application/avr toolchain/bin/../lib/gcc/avr/4.5.1/../../../../avr/lib/avr4\libc.a
LOAD c:/program files/atmel/avr studio 5.0/extensions/application/avr toolchain/bin/../lib/gcc/avr/4.5.1/avr4\libgcc.a

.hash
 *(.hash)

.dynsym
 *(.dynsym)

.dynstr
 *(.dynstr)

.gnu.version
 *(.gnu.version)

.gnu.version_d
 *(.gnu.version_d)

.gnu.version_r
 *(.gnu.version_r)

.rel.init
 *(.rel.init)

.rela.init
 *(.rela.init)

.rel.text
 *(.rel.text)
 *(.rel.text.*)
 *(.rel.gnu.linkonce.t*)

.rela.text
 *(.rela.text)
 *(.rela.text.*)
 *(.rela.gnu.linkonce.t*)

.rel.fini
 *(.rel.fini)

.rela.fini
 *(.rela.fini)

.rel.rodata
 *(.rel.rodata)
 *(.rel.rodata.*)
 *(.rel.gnu.linkonce.r*)

.rela.rodata
 *(.rela.rodata)
 *(.rela.rodata.*)
 *(.rela.gnu.linkonce.r*)

.rel.data
 *(.rel.data)
 *(.rel.data.*)
 *(.rel.gnu.linkonce.d*)

.rela.data
 *(.rela.data)
 *(.rela.data.*)
 *(.rela.gnu.linkonce.d*)

.rel.ctors
 *(.rel.ctors)

.rela.ctors
 *(.rela.ctors)

.rel.dtors
 *(.rel.dtors)

.rela.dtors
 *(.rela.dtors)

.rel.got
 *(.rel.got)

.rela.got
 *(.rela.got)

.rel.bss
 *(.rel.bss)

.rela.bss
 *(.rela.bss)

.rel.plt
 *(.rel.plt)

.rela.plt
 *(.rela.plt)

.text           0x00000000      0xc46
 *(.vectors)
 .vectors       0x00000000       0x26 c:/program files/atmel/avr studio 5.0/extensions/application/avr toolchain/bin/../lib/gcc/avr/4.5.1/../../../../avr/lib/avr4/crtm8.o
                0x00000000                __vector_default
                0x00000000                __vectors
 *(.vectors)
 *(.progmem.gcc*)
 *(.progmem*)
                0x00000026                . = ALIGN (0x2)
                0x00000026                __trampolines_start = .
 *(.trampolines)
 .trampolines   0x00000026        0x0 linker stubs
 *(.trampolines*)
                0x00000026                __trampolines_end = .
 *(.jumptables)
 *(.jumptables*)
 *(.lowtext)
 *(.lowtext*)
                0x00000026                __ctors_start = .
 *(.ctors)
                0x00000026                __ctors_end = .
                0x00000026                __dtors_start = .
 *(.dtors)
                0x00000026                __dtors_end = .
 SORT(*)(.ctors)
 SORT(*)(.dtors)
 *(.init0)
 .init0         0x00000026        0x0 c:/program files/atmel/avr studio 5.0/extensions/application/avr toolchain/bin/../lib/gcc/avr/4.5.1/../../../../avr/lib/avr4/crtm8.o
                0x00000026                __init
 *(.init0)
 *(.init1)
 *(.init1)
 *(.init2)
 .init2         0x00000026        0xc c:/program files/atmel/avr studio 5.0/extensions/application/avr toolchain/bin/../lib/gcc/avr/4.5.1/../../../../avr/lib/avr4/crtm8.o
 *(.init2)
 *(.init3)
 *(.init3)
 *(.init4)
 .init4         0x00000032       0x16 c:/program files/atmel/avr studio 5.0/extensions/application/avr toolchain/bin/../lib/gcc/avr/4.5.1/avr4\libgcc.a(_copy_data.o)
                0x00000032                __do_copy_data
 .init4         0x00000048       0x10 c:/program files/atmel/avr studio 5.0/extensions/application/avr toolchain/bin/../lib/gcc/avr/4.5.1/avr4\libgcc.a(_clear_bss.o)
                0x00000048                __do_clear_bss
 *(.init4)
 *(.init5)
 *(.init5)
 *(.init6)
 *(.init6)
 *(.init7)
 *(.init7)
 *(.init8)
 *(.init8)
 *(.init9)
 .init9         0x00000058        0x4 c:/program files/atmel/avr studio 5.0/extensions/application/avr toolchain/bin/../lib/gcc/avr/4.5.1/../../../../avr/lib/avr4/crtm8.o
 *(.init9)
 *(.text)
 .text          0x0000005c        0x2 c:/program files/atmel/avr studio 5.0/extensions/application/avr toolchain/bin/../lib/gcc/avr/4.5.1/../../../../avr/lib/avr4/crtm8.o
                0x0000005c                __vector_1
                0x0000005c                __vector_12
                0x0000005c                __bad_interrupt
                0x0000005c                __vector_6
                0x0000005c                __vector_3
                0x0000005c                __vector_11
                0x0000005c                __vector_13
                0x0000005c                __vector_17
                0x0000005c                __vector_7
                0x0000005c                __vector_5
                0x0000005c                __vector_4
                0x0000005c                __vector_9
                0x0000005c                __vector_2
                0x0000005c                __vector_15
                0x0000005c                __vector_8
                0x0000005c                __vector_14
                0x0000005c                __vector_10
                0x0000005c                __vector_16
                0x0000005c                __vector_18
 .text          0x0000005e      0x14a SEGM7.o
                0x0000005e                main
 .text          0x000001a8        0x0 c:/program files/atmel/avr studio 5.0/extensions/application/avr toolchain/bin/../lib/gcc/avr/4.5.1/avr4\libgcc.a(_exit.o)
 .text          0x000001a8        0x0 c:/program files/atmel/avr studio 5.0/extensions/application/avr toolchain/bin/../lib/gcc/avr/4.5.1/avr4\libgcc.a(_copy_data.o)
 .text          0x000001a8        0x0 c:/program files/atmel/avr studio 5.0/extensions/application/avr toolchain/bin/../lib/gcc/avr/4.5.1/avr4\libgcc.a(_clear_bss.o)
 .text          0x000001a8       0x50 c:/program files/atmel/avr studio 5.0/extensions/application/avr toolchain/bin/../lib/gcc/avr/4.5.1/avr4\libgcc.a(_fixunssfsi.o)
                0x000001a8                __fixunssfsi
 .text          0x000001f8      0x334 c:/program files/atmel/avr studio 5.0/extensions/application/avr toolchain/bin/../lib/gcc/avr/4.5.1/avr4\libgcc.a(_addsub_sf.o)
                0x00000488                __addsf3
                0x000004d6                __subsf3
 .text          0x0000052c      0x1ea c:/program files/atmel/avr studio 5.0/extensions/application/avr toolchain/bin/../lib/gcc/avr/4.5.1/avr4\libgcc.a(_mul_sf.o)
                0x0000052c                __mulsf3
 .text          0x00000716       0x56 c:/program files/atmel/avr studio 5.0/extensions/application/avr toolchain/bin/../lib/gcc/avr/4.5.1/avr4\libgcc.a(_gt_sf.o)
                0x00000716                __gtsf2
 .text          0x0000076c       0x56 c:/program files/atmel/avr studio 5.0/extensions/application/avr toolchain/bin/../lib/gcc/avr/4.5.1/avr4\libgcc.a(_ge_sf.o)
                0x0000076c                __gesf2
 .text          0x000007c2       0x56 c:/program files/atmel/avr studio 5.0/extensions/application/avr toolchain/bin/../lib/gcc/avr/4.5.1/avr4\libgcc.a(_lt_sf.o)
                0x000007c2                __ltsf2
 .text          0x00000818       0x9e c:/program files/atmel/avr studio 5.0/extensions/application/avr toolchain/bin/../lib/gcc/avr/4.5.1/avr4\libgcc.a(_sf_to_si.o)
                0x00000818                __fixsfsi
 .text          0x000008b6        0x0 c:/program files/atmel/avr studio 5.0/extensions/application/avr toolchain/bin/../lib/gcc/avr/4.5.1/avr4\libgcc.a(_thenan_sf.o)
 .text          0x000008b6        0x0 c:/program files/atmel/avr studio 5.0/extensions/application/avr toolchain/bin/../lib/gcc/avr/4.5.1/avr4\libgcc.a(_prologue.o)
 .text          0x000008b6        0x0 c:/program files/atmel/avr studio 5.0/extensions/application/avr toolchain/bin/../lib/gcc/avr/4.5.1/avr4\libgcc.a(_epilogue.o)
 .text          0x000008b6      0x19a c:/program files/atmel/avr studio 5.0/extensions/application/avr toolchain/bin/../lib/gcc/avr/4.5.1/avr4\libgcc.a(_pack_sf.o)
                0x000008b6                __pack_f
 .text          0x00000a50       0xd2 c:/program files/atmel/avr studio 5.0/extensions/application/avr toolchain/bin/../lib/gcc/avr/4.5.1/avr4\libgcc.a(_unpack_sf.o)
                0x00000a50                __unpack_f
 .text          0x00000b22       0xb2 c:/program files/atmel/avr studio 5.0/extensions/application/avr toolchain/bin/../lib/gcc/avr/4.5.1/avr4\libgcc.a(_fpcmp_parts_sf.o)
                0x00000b22                __fpcmp_parts_f
                0x00000bd4                . = ALIGN (0x2)
 *(.text.*)
 .text.libgcc   0x00000bd4        0x0 c:/program files/atmel/avr studio 5.0/extensions/application/avr toolchain/bin/../lib/gcc/avr/4.5.1/avr4\libgcc.a(_exit.o)
 .text.libgcc   0x00000bd4        0x0 c:/program files/atmel/avr studio 5.0/extensions/application/avr toolchain/bin/../lib/gcc/avr/4.5.1/avr4\libgcc.a(_copy_data.o)
 .text.libgcc   0x00000bd4        0x0 c:/program files/atmel/avr studio 5.0/extensions/application/avr toolchain/bin/../lib/gcc/avr/4.5.1/avr4\libgcc.a(_clear_bss.o)
 .text.libgcc   0x00000bd4       0x38 c:/program files/atmel/avr studio 5.0/extensions/application/avr toolchain/bin/../lib/gcc/avr/4.5.1/avr4\libgcc.a(_prologue.o)
                0x00000bd4                __prologue_saves__
 .text.libgcc   0x00000c0c       0x36 c:/program files/atmel/avr studio 5.0/extensions/application/avr toolchain/bin/../lib/gcc/avr/4.5.1/avr4\libgcc.a(_epilogue.o)
                0x00000c0c                __epilogue_restores__
                0x00000c42                . = ALIGN (0x2)
 *(.fini9)
 .fini9         0x00000c42        0x0 c:/program files/atmel/avr studio 5.0/extensions/application/avr toolchain/bin/../lib/gcc/avr/4.5.1/avr4\libgcc.a(_exit.o)
                0x00000c42                _exit
                0x00000c42                exit
 *(.fini9)
 *(.fini8)
 *(.fini8)
 *(.fini7)
 *(.fini7)
 *(.fini6)
 *(.fini6)
 *(.fini5)
 *(.fini5)
 *(.fini4)
 *(.fini4)
 *(.fini3)
 *(.fini3)
 *(.fini2)
 *(.fini2)
 *(.fini1)
 *(.fini1)
 *(.fini0)
 .fini0         0x00000c42        0x4 c:/program files/atmel/avr studio 5.0/extensions/application/avr toolchain/bin/../lib/gcc/avr/4.5.1/avr4\libgcc.a(_exit.o)
 *(.fini0)
                0x00000c46                _etext = .

.data           0x00800060       0x12 load address 0x00000c46
                0x00800060                PROVIDE (__data_start, .)
 *(.data)
 .data          0x00800060        0x0 c:/program files/atmel/avr studio 5.0/extensions/application/avr toolchain/bin/../lib/gcc/avr/4.5.1/../../../../avr/lib/avr4/crtm8.o
 .data          0x00800060        0xa SEGM7.o
                0x00800060                a
 .data          0x0080006a        0x0 c:/program files/atmel/avr studio 5.0/extensions/application/avr toolchain/bin/../lib/gcc/avr/4.5.1/avr4\libgcc.a(_exit.o)
 .data          0x0080006a        0x0 c:/program files/atmel/avr studio 5.0/extensions/application/avr toolchain/bin/../lib/gcc/avr/4.5.1/avr4\libgcc.a(_copy_data.o)
 .data          0x0080006a        0x0 c:/program files/atmel/avr studio 5.0/extensions/application/avr toolchain/bin/../lib/gcc/avr/4.5.1/avr4\libgcc.a(_clear_bss.o)
 .data          0x0080006a        0x0 c:/program files/atmel/avr studio 5.0/extensions/application/avr toolchain/bin/../lib/gcc/avr/4.5.1/avr4\libgcc.a(_fixunssfsi.o)
 .data          0x0080006a        0x0 c:/program files/atmel/avr studio 5.0/extensions/application/avr toolchain/bin/../lib/gcc/avr/4.5.1/avr4\libgcc.a(_addsub_sf.o)
 .data          0x0080006a        0x0 c:/program files/atmel/avr studio 5.0/extensions/application/avr toolchain/bin/../lib/gcc/avr/4.5.1/avr4\libgcc.a(_mul_sf.o)
 .data          0x0080006a        0x0 c:/program files/atmel/avr studio 5.0/extensions/application/avr toolchain/bin/../lib/gcc/avr/4.5.1/avr4\libgcc.a(_gt_sf.o)
 .data          0x0080006a        0x0 c:/program files/atmel/avr studio 5.0/extensions/application/avr toolchain/bin/../lib/gcc/avr/4.5.1/avr4\libgcc.a(_ge_sf.o)
 .data          0x0080006a        0x0 c:/program files/atmel/avr studio 5.0/extensions/application/avr toolchain/bin/../lib/gcc/avr/4.5.1/avr4\libgcc.a(_lt_sf.o)
 .data          0x0080006a        0x0 c:/program files/atmel/avr studio 5.0/extensions/application/avr toolchain/bin/../lib/gcc/avr/4.5.1/avr4\libgcc.a(_sf_to_si.o)
 .data          0x0080006a        0x8 c:/program files/atmel/avr studio 5.0/extensions/application/avr toolchain/bin/../lib/gcc/avr/4.5.1/avr4\libgcc.a(_thenan_sf.o)
                0x0080006a                __thenan_sf
 .data          0x00800072        0x0 c:/program files/atmel/avr studio 5.0/extensions/application/avr toolchain/bin/../lib/gcc/avr/4.5.1/avr4\libgcc.a(_prologue.o)
 .data          0x00800072        0x0 c:/program files/atmel/avr studio 5.0/extensions/application/avr toolchain/bin/../lib/gcc/avr/4.5.1/avr4\libgcc.a(_epilogue.o)
 .data          0x00800072        0x0 c:/program files/atmel/avr studio 5.0/extensions/application/avr toolchain/bin/../lib/gcc/avr/4.5.1/avr4\libgcc.a(_pack_sf.o)
 .data          0x00800072        0x0 c:/program files/atmel/avr studio 5.0/extensions/application/avr toolchain/bin/../lib/gcc/avr/4.5.1/avr4\libgcc.a(_unpack_sf.o)
 .data          0x00800072        0x0 c:/program files/atmel/avr studio 5.0/extensions/application/avr toolchain/bin/../lib/gcc/avr/4.5.1/avr4\libgcc.a(_fpcmp_parts_sf.o)
 *(.data*)
 *(.rodata)
 *(.rodata*)
 *(.gnu.linkonce.d*)
                0x00800072                . = ALIGN (0x2)
                0x00800072                _edata = .
                0x00800072                PROVIDE (__data_end, .)

.bss            0x00800072        0x1
                0x00800072                PROVIDE (__bss_start, .)
 *(.bss)
 .bss           0x00800072        0x0 c:/program files/atmel/avr studio 5.0/extensions/application/avr toolchain/bin/../lib/gcc/avr/4.5.1/../../../../avr/lib/avr4/crtm8.o
 .bss           0x00800072        0x0 SEGM7.o
 .bss           0x00800072        0x0 c:/program files/atmel/avr studio 5.0/extensions/application/avr toolchain/bin/../lib/gcc/avr/4.5.1/avr4\libgcc.a(_exit.o)
 .bss           0x00800072        0x0 c:/program files/atmel/avr studio 5.0/extensions/application/avr toolchain/bin/../lib/gcc/avr/4.5.1/avr4\libgcc.a(_copy_data.o)
 .bss           0x00800072        0x0 c:/program files/atmel/avr studio 5.0/extensions/application/avr toolchain/bin/../lib/gcc/avr/4.5.1/avr4\libgcc.a(_clear_bss.o)
 .bss           0x00800072        0x0 c:/program files/atmel/avr studio 5.0/extensions/application/avr toolchain/bin/../lib/gcc/avr/4.5.1/avr4\libgcc.a(_fixunssfsi.o)
 .bss           0x00800072        0x0 c:/program files/atmel/avr studio 5.0/extensions/application/avr toolchain/bin/../lib/gcc/avr/4.5.1/avr4\libgcc.a(_addsub_sf.o)
 .bss           0x00800072        0x0 c:/program files/atmel/avr studio 5.0/extensions/application/avr toolchain/bin/../lib/gcc/avr/4.5.1/avr4\libgcc.a(_mul_sf.o)
 .bss           0x00800072        0x0 c:/program files/atmel/avr studio 5.0/extensions/application/avr toolchain/bin/../lib/gcc/avr/4.5.1/avr4\libgcc.a(_gt_sf.o)
 .bss           0x00800072        0x0 c:/program files/atmel/avr studio 5.0/extensions/application/avr toolchain/bin/../lib/gcc/avr/4.5.1/avr4\libgcc.a(_ge_sf.o)
 .bss           0x00800072        0x0 c:/program files/atmel/avr studio 5.0/extensions/application/avr toolchain/bin/../lib/gcc/avr/4.5.1/avr4\libgcc.a(_lt_sf.o)
 .bss           0x00800072        0x0 c:/program files/atmel/avr studio 5.0/extensions/application/avr toolchain/bin/../lib/gcc/avr/4.5.1/avr4\libgcc.a(_sf_to_si.o)
 .bss           0x00800072        0x0 c:/program files/atmel/avr studio 5.0/extensions/application/avr toolchain/bin/../lib/gcc/avr/4.5.1/avr4\libgcc.a(_thenan_sf.o)
 .bss           0x00800072        0x0 c:/program files/atmel/avr studio 5.0/extensions/application/avr toolchain/bin/../lib/gcc/avr/4.5.1/avr4\libgcc.a(_prologue.o)
 .bss           0x00800072        0x0 c:/program files/atmel/avr studio 5.0/extensions/application/avr toolchain/bin/../lib/gcc/avr/4.5.1/avr4\libgcc.a(_epilogue.o)
 .bss           0x00800072        0x0 c:/program files/atmel/avr studio 5.0/extensions/application/avr toolchain/bin/../lib/gcc/avr/4.5.1/avr4\libgcc.a(_pack_sf.o)
 .bss           0x00800072        0x0 c:/program files/atmel/avr studio 5.0/extensions/application/avr toolchain/bin/../lib/gcc/avr/4.5.1/avr4\libgcc.a(_unpack_sf.o)
 .bss           0x00800072        0x0 c:/program files/atmel/avr studio 5.0/extensions/application/avr toolchain/bin/../lib/gcc/avr/4.5.1/avr4\libgcc.a(_fpcmp_parts_sf.o)
 *(.bss*)
 *(COMMON)
 COMMON         0x00800072        0x1 SEGM7.o
                0x00800072                t
                0x00800073                PROVIDE (__bss_end, .)
                0x00000c46                __data_load_start = LOADADDR (.data)
                0x00000c58                __data_load_end = (__data_load_start + SIZEOF (.data))

.noinit         0x00800073        0x0
                0x00800073                PROVIDE (__noinit_start, .)
 *(.noinit*)
                0x00800073                PROVIDE (__noinit_end, .)
                0x00800073                _end = .
                0x00800073                PROVIDE (__heap_start, .)

.eeprom         0x00810000        0x0
 *(.eeprom*)
                0x00810000                __eeprom_end = .

.fuse
 *(.fuse)
 *(.lfuse)
 *(.hfuse)
 *(.efuse)

.lock
 *(.lock*)

.signature
 *(.signature*)

.stab           0x00000000      0x6cc
 *(.stab)
 .stab          0x00000000      0x6cc c:/program files/atmel/avr studio 5.0/extensions/application/avr toolchain/bin/../lib/gcc/avr/4.5.1/../../../../avr/lib/avr4/crtm8.o

.stabstr        0x00000000       0x82
 *(.stabstr)
 .stabstr       0x00000000       0x82 c:/program files/atmel/avr studio 5.0/extensions/application/avr toolchain/bin/../lib/gcc/avr/4.5.1/../../../../avr/lib/avr4/crtm8.o

.stab.excl
 *(.stab.excl)

.stab.exclstr
 *(.stab.exclstr)

.stab.index
 *(.stab.index)

.stab.indexstr
 *(.stab.indexstr)

.comment
 *(.comment)

.debug
 *(.debug)

.line
 *(.line)

.debug_srcinfo
 *(.debug_srcinfo)

.debug_sfnames
 *(.debug_sfnames)

.debug_aranges  0x00000000      0x160
 *(.debug_aranges)
 .debug_aranges
                0x00000000       0x20 SEGM7.o
 .debug_aranges
                0x00000020       0x20 c:/program files/atmel/avr studio 5.0/extensions/application/avr toolchain/bin/../lib/gcc/avr/4.5.1/avr4\libgcc.a(_fixunssfsi.o)
 .debug_aranges
                0x00000040       0x20 c:/program files/atmel/avr studio 5.0/extensions/application/avr toolchain/bin/../lib/gcc/avr/4.5.1/avr4\libgcc.a(_addsub_sf.o)
 .debug_aranges
                0x00000060       0x20 c:/program files/atmel/avr studio 5.0/extensions/application/avr toolchain/bin/../lib/gcc/avr/4.5.1/avr4\libgcc.a(_mul_sf.o)
 .debug_aranges
                0x00000080       0x20 c:/program files/atmel/avr studio 5.0/extensions/application/avr toolchain/bin/../lib/gcc/avr/4.5.1/avr4\libgcc.a(_gt_sf.o)
 .debug_aranges
                0x000000a0       0x20 c:/program files/atmel/avr studio 5.0/extensions/application/avr toolchain/bin/../lib/gcc/avr/4.5.1/avr4\libgcc.a(_ge_sf.o)
 .debug_aranges
                0x000000c0       0x20 c:/program files/atmel/avr studio 5.0/extensions/application/avr toolchain/bin/../lib/gcc/avr/4.5.1/avr4\libgcc.a(_lt_sf.o)
 .debug_aranges
                0x000000e0       0x20 c:/program files/atmel/avr studio 5.0/extensions/application/avr toolchain/bin/../lib/gcc/avr/4.5.1/avr4\libgcc.a(_sf_to_si.o)
 .debug_aranges
                0x00000100       0x20 c:/program files/atmel/avr studio 5.0/extensions/application/avr toolchain/bin/../lib/gcc/avr/4.5.1/avr4\libgcc.a(_pack_sf.o)
 .debug_aranges
                0x00000120       0x20 c:/program files/atmel/avr studio 5.0/extensions/application/avr toolchain/bin/../lib/gcc/avr/4.5.1/avr4\libgcc.a(_unpack_sf.o)
 .debug_aranges
                0x00000140       0x20 c:/program files/atmel/avr studio 5.0/extensions/application/avr toolchain/bin/../lib/gcc/avr/4.5.1/avr4\libgcc.a(_fpcmp_parts_sf.o)

.debug_pubnames
                0x00000000      0x197
 *(.debug_pubnames)
 .debug_pubnames
                0x00000000       0x27 SEGM7.o
 .debug_pubnames
                0x00000027       0x23 c:/program files/atmel/avr studio 5.0/extensions/application/avr toolchain/bin/../lib/gcc/avr/4.5.1/avr4\libgcc.a(_fixunssfsi.o)
 .debug_pubnames
                0x0000004a       0x2c c:/program files/atmel/avr studio 5.0/extensions/application/avr toolchain/bin/../lib/gcc/avr/4.5.1/avr4\libgcc.a(_addsub_sf.o)
 .debug_pubnames
                0x00000076       0x1f c:/program files/atmel/avr studio 5.0/extensions/application/avr toolchain/bin/../lib/gcc/avr/4.5.1/avr4\libgcc.a(_mul_sf.o)
 .debug_pubnames
                0x00000095       0x1e c:/program files/atmel/avr studio 5.0/extensions/application/avr toolchain/bin/../lib/gcc/avr/4.5.1/avr4\libgcc.a(_gt_sf.o)
 .debug_pubnames
                0x000000b3       0x1e c:/program files/atmel/avr studio 5.0/extensions/application/avr toolchain/bin/../lib/gcc/avr/4.5.1/avr4\libgcc.a(_ge_sf.o)
 .debug_pubnames
                0x000000d1       0x1e c:/program files/atmel/avr studio 5.0/extensions/application/avr toolchain/bin/../lib/gcc/avr/4.5.1/avr4\libgcc.a(_lt_sf.o)
 .debug_pubnames
                0x000000ef       0x20 c:/program files/atmel/avr studio 5.0/extensions/application/avr toolchain/bin/../lib/gcc/avr/4.5.1/avr4\libgcc.a(_sf_to_si.o)
 .debug_pubnames
                0x0000010f       0x22 c:/program files/atmel/avr studio 5.0/extensions/application/avr toolchain/bin/../lib/gcc/avr/4.5.1/avr4\libgcc.a(_thenan_sf.o)
 .debug_pubnames
                0x00000131       0x1f c:/program files/atmel/avr studio 5.0/extensions/application/avr toolchain/bin/../lib/gcc/avr/4.5.1/avr4\libgcc.a(_pack_sf.o)
 .debug_pubnames
                0x00000150       0x21 c:/program files/atmel/avr studio 5.0/extensions/application/avr toolchain/bin/../lib/gcc/avr/4.5.1/avr4\libgcc.a(_unpack_sf.o)
 .debug_pubnames
                0x00000171       0x26 c:/program files/atmel/avr studio 5.0/extensions/application/avr toolchain/bin/../lib/gcc/avr/4.5.1/avr4\libgcc.a(_fpcmp_parts_sf.o)

.debug_info     0x00000000     0x1d4e
 *(.debug_info)
 .debug_info    0x00000000      0x189 SEGM7.o
 .debug_info    0x00000189       0xbd c:/program files/atmel/avr studio 5.0/extensions/application/avr toolchain/bin/../lib/gcc/avr/4.5.1/avr4\libgcc.a(_fixunssfsi.o)
 .debug_info    0x00000246      0x455 c:/program files/atmel/avr studio 5.0/extensions/application/avr toolchain/bin/../lib/gcc/avr/4.5.1/avr4\libgcc.a(_addsub_sf.o)
 .debug_info    0x0000069b      0x3ec c:/program files/atmel/avr studio 5.0/extensions/application/avr toolchain/bin/../lib/gcc/avr/4.5.1/avr4\libgcc.a(_mul_sf.o)
 .debug_info    0x00000a87      0x28a c:/program files/atmel/avr studio 5.0/extensions/application/avr toolchain/bin/../lib/gcc/avr/4.5.1/avr4\libgcc.a(_gt_sf.o)
 .debug_info    0x00000d11      0x28a c:/program files/atmel/avr studio 5.0/extensions/application/avr toolchain/bin/../lib/gcc/avr/4.5.1/avr4\libgcc.a(_ge_sf.o)
 .debug_info    0x00000f9b      0x28a c:/program files/atmel/avr studio 5.0/extensions/application/avr toolchain/bin/../lib/gcc/avr/4.5.1/avr4\libgcc.a(_lt_sf.o)
 .debug_info    0x00001225      0x2a5 c:/program files/atmel/avr studio 5.0/extensions/application/avr toolchain/bin/../lib/gcc/avr/4.5.1/avr4\libgcc.a(_sf_to_si.o)
 .debug_info    0x000014ca      0x15e c:/program files/atmel/avr studio 5.0/extensions/application/avr toolchain/bin/../lib/gcc/avr/4.5.1/avr4\libgcc.a(_thenan_sf.o)
 .debug_info    0x00001628      0x2d9 c:/program files/atmel/avr studio 5.0/extensions/application/avr toolchain/bin/../lib/gcc/avr/4.5.1/avr4\libgcc.a(_pack_sf.o)
 .debug_info    0x00001901      0x25c c:/program files/atmel/avr studio 5.0/extensions/application/avr toolchain/bin/../lib/gcc/avr/4.5.1/avr4\libgcc.a(_unpack_sf.o)
 .debug_info    0x00001b5d      0x1f1 c:/program files/atmel/avr studio 5.0/extensions/application/avr toolchain/bin/../lib/gcc/avr/4.5.1/avr4\libgcc.a(_fpcmp_parts_sf.o)
 *(.gnu.linkonce.wi.*)

.debug_abbrev   0x00000000      0xec6
 *(.debug_abbrev)
 .debug_abbrev  0x00000000       0xe8 SEGM7.o
 .debug_abbrev  0x000000e8       0x5d c:/program files/atmel/avr studio 5.0/extensions/application/avr toolchain/bin/../lib/gcc/avr/4.5.1/avr4\libgcc.a(_fixunssfsi.o)
 .debug_abbrev  0x00000145      0x1af c:/program files/atmel/avr studio 5.0/extensions/application/avr toolchain/bin/../lib/gcc/avr/4.5.1/avr4\libgcc.a(_addsub_sf.o)
 .debug_abbrev  0x000002f4      0x1d9 c:/program files/atmel/avr studio 5.0/extensions/application/avr toolchain/bin/../lib/gcc/avr/4.5.1/avr4\libgcc.a(_mul_sf.o)
 .debug_abbrev  0x000004cd      0x151 c:/program files/atmel/avr studio 5.0/extensions/application/avr toolchain/bin/../lib/gcc/avr/4.5.1/avr4\libgcc.a(_gt_sf.o)
 .debug_abbrev  0x0000061e      0x151 c:/program files/atmel/avr studio 5.0/extensions/application/avr toolchain/bin/../lib/gcc/avr/4.5.1/avr4\libgcc.a(_ge_sf.o)
 .debug_abbrev  0x0000076f      0x151 c:/program files/atmel/avr studio 5.0/extensions/application/avr toolchain/bin/../lib/gcc/avr/4.5.1/avr4\libgcc.a(_lt_sf.o)
 .debug_abbrev  0x000008c0      0x160 c:/program files/atmel/avr studio 5.0/extensions/application/avr toolchain/bin/../lib/gcc/avr/4.5.1/avr4\libgcc.a(_sf_to_si.o)
 .debug_abbrev  0x00000a20       0xcb c:/program files/atmel/avr studio 5.0/extensions/application/avr toolchain/bin/../lib/gcc/avr/4.5.1/avr4\libgcc.a(_thenan_sf.o)
 .debug_abbrev  0x00000aeb      0x185 c:/program files/atmel/avr studio 5.0/extensions/application/avr toolchain/bin/../lib/gcc/avr/4.5.1/avr4\libgcc.a(_pack_sf.o)
 .debug_abbrev  0x00000c70      0x14b c:/program files/atmel/avr studio 5.0/extensions/application/avr toolchain/bin/../lib/gcc/avr/4.5.1/avr4\libgcc.a(_unpack_sf.o)
 .debug_abbrev  0x00000dbb      0x10b c:/program files/atmel/avr studio 5.0/extensions/application/avr toolchain/bin/../lib/gcc/avr/4.5.1/avr4\libgcc.a(_fpcmp_parts_sf.o)

.debug_line     0x00000000     0x121a
 *(.debug_line)
 .debug_line    0x00000000      0x217 SEGM7.o
 .debug_line    0x00000217       0xc6 c:/program files/atmel/avr studio 5.0/extensions/application/avr toolchain/bin/../lib/gcc/avr/4.5.1/avr4\libgcc.a(_fixunssfsi.o)
 .debug_line    0x000002dd      0x2eb c:/program files/atmel/avr studio 5.0/extensions/application/avr toolchain/bin/../lib/gcc/avr/4.5.1/avr4\libgcc.a(_addsub_sf.o)
 .debug_line    0x000005c8      0x287 c:/program files/atmel/avr studio 5.0/extensions/application/avr toolchain/bin/../lib/gcc/avr/4.5.1/avr4\libgcc.a(_mul_sf.o)
 .debug_line    0x0000084f      0x102 c:/program files/atmel/avr studio 5.0/extensions/application/avr toolchain/bin/../lib/gcc/avr/4.5.1/avr4\libgcc.a(_gt_sf.o)
 .debug_line    0x00000951      0x102 c:/program files/atmel/avr studio 5.0/extensions/application/avr toolchain/bin/../lib/gcc/avr/4.5.1/avr4\libgcc.a(_ge_sf.o)
 .debug_line    0x00000a53      0x102 c:/program files/atmel/avr studio 5.0/extensions/application/avr toolchain/bin/../lib/gcc/avr/4.5.1/avr4\libgcc.a(_lt_sf.o)
 .debug_line    0x00000b55      0x13c c:/program files/atmel/avr studio 5.0/extensions/application/avr toolchain/bin/../lib/gcc/avr/4.5.1/avr4\libgcc.a(_sf_to_si.o)
 .debug_line    0x00000c91       0xaf c:/program files/atmel/avr studio 5.0/extensions/application/avr toolchain/bin/../lib/gcc/avr/4.5.1/avr4\libgcc.a(_thenan_sf.o)
 .debug_line    0x00000d40      0x1f2 c:/program files/atmel/avr studio 5.0/extensions/application/avr toolchain/bin/../lib/gcc/avr/4.5.1/avr4\libgcc.a(_pack_sf.o)
 .debug_line    0x00000f32      0x172 c:/program files/atmel/avr studio 5.0/extensions/application/avr toolchain/bin/../lib/gcc/avr/4.5.1/avr4\libgcc.a(_unpack_sf.o)
 .debug_line    0x000010a4      0x176 c:/program files/atmel/avr studio 5.0/extensions/application/avr toolchain/bin/../lib/gcc/avr/4.5.1/avr4\libgcc.a(_fpcmp_parts_sf.o)

.debug_frame    0x00000000      0x180
 *(.debug_frame)
 .debug_frame   0x00000000       0x20 SEGM7.o
 .debug_frame   0x00000020       0x20 c:/program files/atmel/avr studio 5.0/extensions/application/avr toolchain/bin/../lib/gcc/avr/4.5.1/avr4\libgcc.a(_fixunssfsi.o)
 .debug_frame   0x00000040       0x40 c:/program files/atmel/avr studio 5.0/extensions/application/avr toolchain/bin/../lib/gcc/avr/4.5.1/avr4\libgcc.a(_addsub_sf.o)
 .debug_frame   0x00000080       0x20 c:/program files/atmel/avr studio 5.0/extensions/application/avr toolchain/bin/../lib/gcc/avr/4.5.1/avr4\libgcc.a(_mul_sf.o)
 .debug_frame   0x000000a0       0x20 c:/program files/atmel/avr studio 5.0/extensions/application/avr toolchain/bin/../lib/gcc/avr/4.5.1/avr4\libgcc.a(_gt_sf.o)
 .debug_frame   0x000000c0       0x20 c:/program files/atmel/avr studio 5.0/extensions/application/avr toolchain/bin/../lib/gcc/avr/4.5.1/avr4\libgcc.a(_ge_sf.o)
 .debug_frame   0x000000e0       0x20 c:/program files/atmel/avr studio 5.0/extensions/application/avr toolchain/bin/../lib/gcc/avr/4.5.1/avr4\libgcc.a(_lt_sf.o)
 .debug_frame   0x00000100       0x20 c:/program files/atmel/avr studio 5.0/extensions/application/avr toolchain/bin/../lib/gcc/avr/4.5.1/avr4\libgcc.a(_sf_to_si.o)
 .debug_frame   0x00000120       0x20 c:/program files/atmel/avr studio 5.0/extensions/application/avr toolchain/bin/../lib/gcc/avr/4.5.1/avr4\libgcc.a(_pack_sf.o)
 .debug_frame   0x00000140       0x20 c:/program files/atmel/avr studio 5.0/extensions/application/avr toolchain/bin/../lib/gcc/avr/4.5.1/avr4\libgcc.a(_unpack_sf.o)
 .debug_frame   0x00000160       0x20 c:/program files/atmel/avr studio 5.0/extensions/application/avr toolchain/bin/../lib/gcc/avr/4.5.1/avr4\libgcc.a(_fpcmp_parts_sf.o)

.debug_str      0x00000000      0x379
 *(.debug_str)
 .debug_str     0x00000000       0xd2 SEGM7.o
                                0x106 (size before relaxing)
 .debug_str     0x000000d2       0xd1 c:/program files/atmel/avr studio 5.0/extensions/application/avr toolchain/bin/../lib/gcc/avr/4.5.1/avr4\libgcc.a(_fixunssfsi.o)
                                0x156 (size before relaxing)
 .debug_str     0x000001a3      0x155 c:/program files/atmel/avr studio 5.0/extensions/application/avr toolchain/bin/../lib/gcc/avr/4.5.1/avr4\libgcc.a(_addsub_sf.o)
                                0x240 (size before relaxing)
 .debug_str     0x000002f8       0x27 c:/program files/atmel/avr studio 5.0/extensions/application/avr toolchain/bin/../lib/gcc/avr/4.5.1/avr4\libgcc.a(_mul_sf.o)
                                0x1f9 (size before relaxing)
 .debug_str     0x0000031f        0xf c:/program files/atmel/avr studio 5.0/extensions/application/avr toolchain/bin/../lib/gcc/avr/4.5.1/avr4\libgcc.a(_gt_sf.o)
                                0x1c7 (size before relaxing)
 .debug_str     0x0000032e        0x8 c:/program files/atmel/avr studio 5.0/extensions/application/avr toolchain/bin/../lib/gcc/avr/4.5.1/avr4\libgcc.a(_ge_sf.o)
                                0x1c7 (size before relaxing)
 .debug_str     0x00000336        0x8 c:/program files/atmel/avr studio 5.0/extensions/application/avr toolchain/bin/../lib/gcc/avr/4.5.1/avr4\libgcc.a(_lt_sf.o)
                                0x1c7 (size before relaxing)
 .debug_str     0x0000033e        0xa c:/program files/atmel/avr studio 5.0/extensions/application/avr toolchain/bin/../lib/gcc/avr/4.5.1/avr4\libgcc.a(_sf_to_si.o)
                                0x1d0 (size before relaxing)
 .debug_str     0x00000000      0x172 c:/program files/atmel/avr studio 5.0/extensions/application/avr toolchain/bin/../lib/gcc/avr/4.5.1/avr4\libgcc.a(_thenan_sf.o)
 .debug_str     0x00000348       0x16 c:/program files/atmel/avr studio 5.0/extensions/application/avr toolchain/bin/../lib/gcc/avr/4.5.1/avr4\libgcc.a(_pack_sf.o)
                                0x1cf (size before relaxing)
 .debug_str     0x0000035e        0xb c:/program files/atmel/avr studio 5.0/extensions/application/avr toolchain/bin/../lib/gcc/avr/4.5.1/avr4\libgcc.a(_unpack_sf.o)
                                0x1b1 (size before relaxing)
 .debug_str     0x00000369       0x10 c:/program files/atmel/avr studio 5.0/extensions/application/avr toolchain/bin/../lib/gcc/avr/4.5.1/avr4\libgcc.a(_fpcmp_parts_sf.o)
                                0x195 (size before relaxing)

.debug_loc      0x00000000      0xa79
 *(.debug_loc)
 .debug_loc     0x00000000       0x34 c:/program files/atmel/avr studio 5.0/extensions/application/avr toolchain/bin/../lib/gcc/avr/4.5.1/avr4\libgcc.a(_fixunssfsi.o)
 .debug_loc     0x00000034      0x31d c:/program files/atmel/avr studio 5.0/extensions/application/avr toolchain/bin/../lib/gcc/avr/4.5.1/avr4\libgcc.a(_addsub_sf.o)
 .debug_loc     0x00000351      0x2a4 c:/program files/atmel/avr studio 5.0/extensions/application/avr toolchain/bin/../lib/gcc/avr/4.5.1/avr4\libgcc.a(_mul_sf.o)
 .debug_loc     0x000005f5       0x48 c:/program files/atmel/avr studio 5.0/extensions/application/avr toolchain/bin/../lib/gcc/avr/4.5.1/avr4\libgcc.a(_gt_sf.o)
 .debug_loc     0x0000063d       0x48 c:/program files/atmel/avr studio 5.0/extensions/application/avr toolchain/bin/../lib/gcc/avr/4.5.1/avr4\libgcc.a(_ge_sf.o)
 .debug_loc     0x00000685       0x48 c:/program files/atmel/avr studio 5.0/extensions/application/avr toolchain/bin/../lib/gcc/avr/4.5.1/avr4\libgcc.a(_lt_sf.o)
 .debug_loc     0x000006cd       0x56 c:/program files/atmel/avr studio 5.0/extensions/application/avr toolchain/bin/../lib/gcc/avr/4.5.1/avr4\libgcc.a(_sf_to_si.o)
 .debug_loc     0x00000723      0x1f5 c:/program files/atmel/avr studio 5.0/extensions/application/avr toolchain/bin/../lib/gcc/avr/4.5.1/avr4\libgcc.a(_pack_sf.o)
 .debug_loc     0x00000918      0x111 c:/program files/atmel/avr studio 5.0/extensions/application/avr toolchain/bin/../lib/gcc/avr/4.5.1/avr4\libgcc.a(_unpack_sf.o)
 .debug_loc     0x00000a29       0x50 c:/program files/atmel/avr studio 5.0/extensions/application/avr toolchain/bin/../lib/gcc/avr/4.5.1/avr4\libgcc.a(_fpcmp_parts_sf.o)

.debug_macinfo
 *(.debug_macinfo)
OUTPUT(SEGM7.elf elf32-avr)
LOAD linker stubs

.debug_pubtypes
                0x00000000      0x588
 .debug_pubtypes
                0x00000000       0x2b SEGM7.o
 .debug_pubtypes
                0x0000002b       0x34 c:/program files/atmel/avr studio 5.0/extensions/application/avr toolchain/bin/../lib/gcc/avr/4.5.1/avr4\libgcc.a(_fixunssfsi.o)
 .debug_pubtypes
                0x0000005f       0x9d c:/program files/atmel/avr studio 5.0/extensions/application/avr toolchain/bin/../lib/gcc/avr/4.5.1/avr4\libgcc.a(_addsub_sf.o)
 .debug_pubtypes
                0x000000fc       0x86 c:/program files/atmel/avr studio 5.0/extensions/application/avr toolchain/bin/../lib/gcc/avr/4.5.1/avr4\libgcc.a(_mul_sf.o)
 .debug_pubtypes
                0x00000182       0x91 c:/program files/atmel/avr studio 5.0/extensions/application/avr toolchain/bin/../lib/gcc/avr/4.5.1/avr4\libgcc.a(_gt_sf.o)
 .debug_pubtypes
                0x00000213       0x91 c:/program files/atmel/avr studio 5.0/extensions/application/avr toolchain/bin/../lib/gcc/avr/4.5.1/avr4\libgcc.a(_ge_sf.o)
 .debug_pubtypes
                0x000002a4       0x91 c:/program files/atmel/avr studio 5.0/extensions/application/avr toolchain/bin/../lib/gcc/avr/4.5.1/avr4\libgcc.a(_lt_sf.o)
 .debug_pubtypes
                0x00000335       0x91 c:/program files/atmel/avr studio 5.0/extensions/application/avr toolchain/bin/../lib/gcc/avr/4.5.1/avr4\libgcc.a(_sf_to_si.o)
 .debug_pubtypes
                0x000003c6       0x5b c:/program files/atmel/avr studio 5.0/extensions/application/avr toolchain/bin/../lib/gcc/avr/4.5.1/avr4\libgcc.a(_thenan_sf.o)
 .debug_pubtypes
                0x00000421       0x86 c:/program files/atmel/avr studio 5.0/extensions/application/avr toolchain/bin/../lib/gcc/avr/4.5.1/avr4\libgcc.a(_pack_sf.o)
 .debug_pubtypes
                0x000004a7       0x86 c:/program files/atmel/avr studio 5.0/extensions/application/avr toolchain/bin/../lib/gcc/avr/4.5.1/avr4\libgcc.a(_unpack_sf.o)
 .debug_pubtypes
                0x0000052d       0x5b c:/program files/atmel/avr studio 5.0/extensions/application/avr toolchain/bin/../lib/gcc/avr/4.5.1/avr4\libgcc.a(_fpcmp_parts_sf.o)

.debug_ranges   0x00000000       0x30
 .debug_ranges  0x00000000       0x30 c:/program files/atmel/avr studio 5.0/extensions/application/avr toolchain/bin/../lib/gcc/avr/4.5.1/avr4\libgcc.a(_mul_sf.o)
